#
# There is insufficient memory for the Java Runtime Environment to continue.
# Native memory allocation (mmap) failed to map 1216348160 bytes. Error detail: G1 virtual space
# Possible reasons:
#   The system is out of physical RAM or swap space
#   This process is running with CompressedOops enabled, and the Java Heap may be blocking the growth of the native heap
# Possible solutions:
#   Reduce memory load on the system
#   Increase physical memory or swap space
#   Check if swap backing store is full
#   Decrease Java heap size (-Xmx/-Xms)
#   Decrease number of Java threads
#   Decrease Java thread stack sizes (-Xss)
#   Set larger code cache with -XX:ReservedCodeCacheSize=
#   JVM is running with Zero Based Compressed Oops mode in which the Java heap is
#     placed in the first 32GB address space. The Java Heap base address is the
#     maximum limit for the native heap growth. Please use -XX:HeapBaseMinAddress
#     to set the Java Heap base and to place the Java Heap above 32GB virtual address.
# This output file may be truncated or incomplete.
#
#  Out of Memory Error (os_windows.cpp:3554), pid=13800, tid=15152
#
# JRE version: Java(TM) SE Runtime Environment (25.0.1+8) (build 25.0.1+8-LTS-27)
# Java VM: Java HotSpot(TM) 64-Bit Server VM (25.0.1+8-LTS-27, mixed mode, sharing, tiered, compressed oops, compressed class ptrs, g1 gc, windows-amd64)
# No core dump will be written. Minidumps are not enabled by default on client versions of Windows
#

---------------  S U M M A R Y ------------

Command Line: --add-opens=java.base/java.lang=ALL-UNNAMED --add-opens=java.base/java.lang.invoke=ALL-UNNAMED --add-opens=java.base/java.util=ALL-UNNAMED --add-opens=java.prefs/java.util.prefs=ALL-UNNAMED --add-exports=jdk.compiler/com.sun.tools.javac.api=ALL-UNNAMED --add-exports=jdk.compiler/com.sun.tools.javac.util=ALL-UNNAMED --add-opens=java.base/java.util=ALL-UNNAMED --add-opens=java.prefs/java.util.prefs=ALL-UNNAMED --add-opens=java.base/java.nio.charset=ALL-UNNAMED --add-opens=java.base/java.net=ALL-UNNAMED --add-opens=java.base/java.util.concurrent=ALL-UNNAMED --add-opens=java.base/java.util.concurrent.atomic=ALL-UNNAMED --add-opens=java.xml/javax.xml.namespace=ALL-UNNAMED --add-opens=java.base/java.time=ALL-UNNAMED --enable-native-access=ALL-UNNAMED -XX:MaxMetaspaceSize=4G -XX:ReservedCodeCacheSize=512m -XX:+HeapDumpOnOutOfMemoryError -Xmx8G -Dfile.encoding=UTF-8 -Duser.country=FR -Duser.language=fr -Duser.variant -javaagent:C:\Users\Lenovo\.gradle\wrapper\dists\gradle-9.1.0-all\7wzd0jkjit61aq2p43wpjgij9\gradle-9.1.0\lib\agents\gradle-instrumentation-agent-9.1.0.jar org.gradle.launcher.daemon.bootstrap.GradleDaemon 9.1.0

Host: AMD Ryzen 3 4300U with Radeon Graphics         , 4 cores, 7G,  Windows 11 , 64 bit Build 26100 (10.0.26100.8972)
Time: Wed Sep 30 18:02:59 2026 Greenwich elapsed time: 452.173955 seconds (0d 0h 7m 32s)

---------------  T H R E A D  ---------------

Current thread (0x00000210cd3a4e80):  VMThread "VM Thread"          [id=15152, stack(0x000000c4b0600000,0x000000c4b0700000) (1024K)]

Stack: [0x000000c4b0600000,0x000000c4b0700000]
Native frames: (J=compiled Java code, j=interpreted, Vv=VM code, C=native code)
V  [jvm.dll+0x7a6b59]  (no source info available)
V  [jvm.dll+0x77290d]  (no source info available)
V  [jvm.dll+0x966153]  (no source info available)
V  [jvm.dll+0x968751]  (no source info available)
V  [jvm.dll+0x968e53]  (no source info available)
V  [jvm.dll+0x2fc756]  (no source info available)
V  [jvm.dll+0x7a2d85]  (no source info available)
V  [jvm.dll+0x796197]  (no source info available)
V  [jvm.dll+0x3f4698]  (no source info available)
V  [jvm.dll+0x3fc5b6]  (no source info available)
V  [jvm.dll+0x3e8c8e]  (no source info available)
V  [jvm.dll+0x3e8f48]  (no source info available)
V  [jvm.dll+0x3c0045]  (no source info available)
V  [jvm.dll+0x3c00da]  (no source info available)
V  [jvm.dll+0x40d2b6]  (no source info available)
V  [jvm.dll+0x40bbdb]  (no source info available)
V  [jvm.dll+0x3bf787]  (no source info available)
V  [jvm.dll+0x40afdf]  (no source info available)
V  [jvm.dll+0x96f091]  (no source info available)
V  [jvm.dll+0x9703ad]  (no source info available)
V  [jvm.dll+0x970929]  (no source info available)
V  [jvm.dll+0x970bd3]  (no source info available)
V  [jvm.dll+0x906a0d]  (no source info available)
V  [jvm.dll+0x7a5135]  (no source info available)
C  [ucrtbase.dll+0x2cd30]  (no source info available)
C  [KERNEL32.DLL+0x2ccb7]  (no source info available)
C  [ntdll.dll+0xaad6c]  (no source info available)

VM_Operation (0x000000c4b12fe2a0): G1CollectForAllocation, mode: safepoint, requested by thread 0x00000210d5609e00


---------------  P R O C E S S  ---------------

Threads class SMR info:
_java_thread_list=0x00000210f35505e0, length=96, elements={
0x000002109839b920, 0x00000210cd3ba5d0, 0x00000210cd3bc200, 0x00000210cd3bdeb0,
0x00000210cd3bea70, 0x00000210cd3bf630, 0x00000210cd3c01f0, 0x00000210cd3c10e0,
0x00000210cd3dfe40, 0x00000210cf9f6c70, 0x00000210cfa84ec0, 0x00000210d5609e00,
0x00000210d5187850, 0x00000210d5080f50, 0x00000210d55496e0, 0x00000210d4d5d220,
0x00000210d4d5f160, 0x00000210d4d608d0, 0x00000210d4d5d9f0, 0x00000210d4d5e1c0,
0x00000210d4d62810, 0x00000210d4635930, 0x00000210d4632a50, 0x00000210d4635160,
0x00000210d46339f0, 0x00000210d4638fe0, 0x00000210d4638040, 0x00000210d56ab980,
0x00000210d56ad8c0, 0x00000210d56ac150, 0x00000210d56ae090, 0x00000210d56aa9e0,
0x00000210d56af030, 0x00000210d56b07a0, 0x00000210d56affd0, 0x00000210d71a7430,
0x00000210d71a6490, 0x00000210d71aba80, 0x00000210d65ac620, 0x00000210d65ad5c0,
0x00000210d65abe50, 0x00000210d65acdf0, 0x00000210d65add90, 0x00000210d65b3380,
0x00000210d76d2fe0, 0x00000210d76d56f0, 0x00000210d76d3f80, 0x00000210d76d6690,
0x00000210d851bf70, 0x00000210d851c740, 0x00000210d851d6e0, 0x00000210d851a030,
0x00000210d851e680, 0x00000210d8520d90, 0x00000210d4638810, 0x00000210d56b1f10,
0x00000210d81a1440, 0x00000210d81a1c10, 0x00000210d81a23e0, 0x00000210d81a0c70,
0x00000210d81a6260, 0x00000210d81a5a90, 0x00000210d81a7200, 0x00000210d81a79d0,
0x00000210d757b510, 0x00000210d757a570, 0x00000210d757c4b0, 0x00000210d757ebc0,
0x00000210d757f390, 0x00000210d5086ac0, 0x00000210d5087290, 0x00000210d5085b20,
0x00000210d5087a60, 0x00000210d50891d0, 0x00000210d757d450, 0x00000210d849d290,
0x00000210d849c2f0, 0x00000210d8499be0, 0x00000210d84a3ff0, 0x00000210f34d7030,
0x00000210f34dbe50, 0x00000210f3ae98a0, 0x00000210f3ae8900, 0x00000210f3ae90d0,
0x00000210f3aeb010, 0x00000210f3aee6c0, 0x00000210f3aec780, 0x00000210f3aebfb0,
0x00000210f3aef660, 0x00000210f3af0dd0, 0x00000210f3aed720, 0x00000210f3af4480,
0x00000210f3af3cb0, 0x00000210f3af4c50, 0x00000210f3af63c0, 0x00000210f3af6b90
}

Java Threads: ( => current thread )
  0x000002109839b920 JavaThread "main"                              [_thread_blocked, id=30040, stack(0x000000c4aff00000,0x000000c4b0000000) (1024K)]
  0x00000210cd3ba5d0 JavaThread "Reference Handler"          daemon [_thread_blocked, id=19244, stack(0x000000c4b0700000,0x000000c4b0800000) (1024K)]
  0x00000210cd3bc200 JavaThread "Finalizer"                  daemon [_thread_blocked, id=17820, stack(0x000000c4b0800000,0x000000c4b0900000) (1024K)]
  0x00000210cd3bdeb0 JavaThread "Signal Dispatcher"          daemon [_thread_blocked, id=40072, stack(0x000000c4b0900000,0x000000c4b0a00000) (1024K)]
  0x00000210cd3bea70 JavaThread "Attach Listener"            daemon [_thread_blocked, id=10568, stack(0x000000c4b0a00000,0x000000c4b0b00000) (1024K)]
  0x00000210cd3bf630 JavaThread "Service Thread"             daemon [_thread_blocked, id=32080, stack(0x000000c4b0b00000,0x000000c4b0c00000) (1024K)]
  0x00000210cd3c01f0 JavaThread "Monitor Deflation Thread"   daemon [_thread_blocked, id=31328, stack(0x000000c4b0c00000,0x000000c4b0d00000) (1024K)]
  0x00000210cd3c10e0 JavaThread "C2 CompilerThread0"         daemon [_thread_blocked, id=11172, stack(0x000000c4b0d00000,0x000000c4b0e00000) (1024K)]
  0x00000210cd3dfe40 JavaThread "C1 CompilerThread0"         daemon [_thread_blocked, id=20048, stack(0x000000c4b0e00000,0x000000c4b0f00000) (1024K)]
  0x00000210cf9f6c70 JavaThread "Common-Cleaner"             daemon [_thread_blocked, id=1484, stack(0x000000c4b0f00000,0x000000c4b1000000) (1024K)]
  0x00000210cfa84ec0 JavaThread "Notification Thread"        daemon [_thread_blocked, id=24004, stack(0x000000c4b1000000,0x000000c4b1100000) (1024K)]
  0x00000210d5609e00 JavaThread "Daemon health stats"               [_thread_blocked, id=23712, stack(0x000000c4b1200000,0x000000c4b1300000) (1024K)]
  0x00000210d5187850 JavaThread "Incoming local TCP Connector on port 55973"        [_thread_in_native, id=24464, stack(0x000000c4b1300000,0x000000c4b1400000) (1024K)]
  0x00000210d5080f50 JavaThread "Daemon periodic checks"            [_thread_blocked, id=31904, stack(0x000000c4b1400000,0x000000c4b1500000) (1024K)]
  0x00000210d55496e0 JavaThread "Daemon"                            [_thread_blocked, id=27544, stack(0x000000c4b1500000,0x000000c4b1600000) (1024K)]
  0x00000210d4d5d220 JavaThread "Handler for socket connection from /127.0.0.1:55973 to /127.0.0.1:55975"        [_thread_in_native, id=8880, stack(0x000000c4b1600000,0x000000c4b1700000) (1024K)]
  0x00000210d4d5f160 JavaThread "Cancel handler"                    [_thread_blocked, id=29564, stack(0x000000c4b1700000,0x000000c4b1800000) (1024K)]
  0x00000210d4d608d0 JavaThread "Daemon worker"                     [_thread_blocked, id=33016, stack(0x000000c4b1800000,0x000000c4b1900000) (1024K)]
  0x00000210d4d5d9f0 JavaThread "Asynchronous log dispatcher for DefaultDaemonConnection: socket connection from /127.0.0.1:55973 to /127.0.0.1:55975"        [_thread_blocked, id=35808, stack(0x000000c4b1900000,0x000000c4b1a00000) (1024K)]
  0x00000210d4d5e1c0 JavaThread "Stdin handler"                     [_thread_blocked, id=26820, stack(0x000000c4b1a00000,0x000000c4b1b00000) (1024K)]
  0x00000210d4d62810 JavaThread "Daemon client event forwarder"        [_thread_blocked, id=40756, stack(0x000000c4b1b00000,0x000000c4b1c00000) (1024K)]
  0x00000210d4635930 JavaThread "Cache worker for journal cache (C:\Users\Lenovo\.gradle\caches\journal-1)"        [_thread_blocked, id=30664, stack(0x000000c4b1e00000,0x000000c4b1f00000) (1024K)]
  0x00000210d4632a50 JavaThread "File lock request listener"        [_thread_in_native, id=20208, stack(0x000000c4b1f00000,0x000000c4b2000000) (1024K)]
  0x00000210d4635160 JavaThread "Cache worker for file hash cache (C:\Users\Lenovo\.gradle\caches\9.1.0\fileHashes)"        [_thread_blocked, id=9444, stack(0x000000c4b2000000,0x000000c4b2100000) (1024K)]
  0x00000210d46339f0 JavaThread "File lock release action executor"        [_thread_blocked, id=26480, stack(0x000000c4b2100000,0x000000c4b2200000) (1024K)]
  0x00000210d4638fe0 JavaThread "Cache worker for file hash cache (C:\Users\Lenovo\ggc_partenaire\flutter_app_new\android\.gradle\9.1.0\fileHashes)"        [_thread_blocked, id=36748, stack(0x000000c4b2200000,0x000000c4b2300000) (1024K)]
  0x00000210d4638040 JavaThread "Cache worker for Build Output Cleanup Cache (C:\Users\Lenovo\ggc_partenaire\flutter_app_new\android\.gradle\buildOutputCleanup)"        [_thread_blocked, id=32252, stack(0x000000c4b2300000,0x000000c4b2400000) (1024K)]
  0x00000210d56ab980 JavaThread "File watcher server"        daemon [_thread_in_native, id=38932, stack(0x000000c4b2400000,0x000000c4b2500000) (1024K)]
  0x00000210d56ad8c0 JavaThread "File watcher consumer"      daemon [_thread_blocked, id=24224, stack(0x000000c4b2500000,0x000000c4b2600000) (1024K)]
  0x00000210d56ac150 JavaThread "jar transforms"                    [_thread_blocked, id=1976, stack(0x000000c4b2600000,0x000000c4b2700000) (1024K)]
  0x00000210d56ae090 JavaThread "jar transforms Thread 2"           [_thread_blocked, id=2180, stack(0x000000c4b2700000,0x000000c4b2800000) (1024K)]
  0x00000210d56aa9e0 JavaThread "jar transforms Thread 3"           [_thread_blocked, id=30428, stack(0x000000c4b2800000,0x000000c4b2900000) (1024K)]
  0x00000210d56af030 JavaThread "Cache worker for checksums cache (C:\Users\Lenovo\ggc_partenaire\flutter_app_new\android\.gradle\9.1.0\checksums)"        [_thread_blocked, id=28336, stack(0x000000c4afd00000,0x000000c4afe00000) (1024K)]
  0x00000210d56b07a0 JavaThread "Cache worker for file content cache (C:\Users\Lenovo\.gradle\caches\9.1.0\fileContent)"        [_thread_blocked, id=25044, stack(0x000000c4b2900000,0x000000c4b2a00000) (1024K)]
  0x00000210d56affd0 JavaThread "Cache worker for cache directory md-supplier (C:\Users\Lenovo\.gradle\caches\9.1.0\md-supplier)"        [_thread_blocked, id=24788, stack(0x000000c4b2a00000,0x000000c4b2b00000) (1024K)]
  0x00000210d71a7430 JavaThread "Cache worker for cache directory md-rule (C:\Users\Lenovo\.gradle\caches\9.1.0\md-rule)"        [_thread_blocked, id=34664, stack(0x000000c4b2b00000,0x000000c4b2c00000) (1024K)]
  0x00000210d71a6490 JavaThread "jar transforms Thread 4"           [_thread_blocked, id=30300, stack(0x000000c4b2c00000,0x000000c4b2d00000) (1024K)]
  0x00000210d71aba80 JavaThread "Cache worker for Build Output Cleanup Cache (C:\flutter\packages\flutter_tools\gradle\.gradle\buildOutputCleanup)"        [_thread_blocked, id=18224, stack(0x000000c4afc00000,0x000000c4afd00000) (1024K)]
  0x00000210d65ac620 JavaThread "Unconstrained build operations"        [_thread_blocked, id=34104, stack(0x000000c4afe00000,0x000000c4aff00000) (1024K)]
  0x00000210d65ad5c0 JavaThread "Unconstrained build operations Thread 2"        [_thread_blocked, id=23176, stack(0x000000c4b2d00000,0x000000c4b2e00000) (1024K)]
  0x00000210d65abe50 JavaThread "Unconstrained build operations Thread 3"        [_thread_blocked, id=27372, stack(0x000000c4b2e00000,0x000000c4b2f00000) (1024K)]
  0x00000210d65acdf0 JavaThread "Unconstrained build operations Thread 4"        [_thread_blocked, id=22364, stack(0x000000c4b2f00000,0x000000c4b3000000) (1024K)]
  0x00000210d65add90 JavaThread "Unconstrained build operations Thread 5"        [_thread_blocked, id=41032, stack(0x000000c4b3000000,0x000000c4b3100000) (1024K)]
  0x00000210d65b3380 JavaThread "Unconstrained build operations Thread 6"        [_thread_blocked, id=5600, stack(0x000000c4b3100000,0x000000c4b3200000) (1024K)]
  0x00000210d76d2fe0 JavaThread "Unconstrained build operations Thread 7"        [_thread_blocked, id=15084, stack(0x000000c4b3200000,0x000000c4b3300000) (1024K)]
  0x00000210d76d56f0 JavaThread "Unconstrained build operations Thread 8"        [_thread_blocked, id=9820, stack(0x000000c4b3300000,0x000000c4b3400000) (1024K)]
  0x00000210d76d3f80 JavaThread "Unconstrained build operations Thread 9"        [_thread_blocked, id=38884, stack(0x000000c4b3400000,0x000000c4b3500000) (1024K)]
  0x00000210d76d6690 JavaThread "Memory manager"                    [_thread_blocked, id=288, stack(0x000000c4b3500000,0x000000c4b3600000) (1024K)]
  0x00000210d851bf70 JavaThread "build event listener"              [_thread_blocked, id=18828, stack(0x000000c4b3600000,0x000000c4b3700000) (1024K)]
  0x00000210d851c740 JavaThread "Execution worker"                  [_thread_blocked, id=37280, stack(0x000000c4b3800000,0x000000c4b3900000) (1024K)]
  0x00000210d851d6e0 JavaThread "Execution worker Thread 2"         [_thread_blocked, id=5684, stack(0x000000c4b3900000,0x000000c4b3a00000) (1024K)]
  0x00000210d851a030 JavaThread "Execution worker Thread 3"         [_thread_blocked, id=7396, stack(0x000000c4b3a00000,0x000000c4b3b00000) (1024K)]
  0x00000210d851e680 JavaThread "Cache worker for execution history cache (C:\flutter\packages\flutter_tools\gradle\.gradle\9.1.0\executionHistory)"        [_thread_blocked, id=26612, stack(0x000000c4b3b00000,0x000000c4b3c00000) (1024K)]
  0x00000210d8520d90 JavaThread "Unconstrained build operations Thread 10"        [_thread_blocked, id=30564, stack(0x000000c4b3c00000,0x000000c4b3d00000) (1024K)]
  0x00000210d4638810 JavaThread "Unconstrained build operations Thread 11"        [_thread_blocked, id=37968, stack(0x000000c4b3d00000,0x000000c4b3e00000) (1024K)]
  0x00000210d56b1f10 JavaThread "Unconstrained build operations Thread 12"        [_thread_blocked, id=41328, stack(0x000000c4b3e00000,0x000000c4b3f00000) (1024K)]
  0x00000210d81a1440 JavaThread "Unconstrained build operations Thread 13"        [_thread_blocked, id=23880, stack(0x000000c4b3f00000,0x000000c4b4000000) (1024K)]
  0x00000210d81a1c10 JavaThread "Unconstrained build operations Thread 14"        [_thread_blocked, id=31692, stack(0x000000c4b4000000,0x000000c4b4100000) (1024K)]
  0x00000210d81a23e0 JavaThread "Unconstrained build operations Thread 15"        [_thread_blocked, id=25908, stack(0x000000c4b4100000,0x000000c4b4200000) (1024K)]
  0x00000210d81a0c70 JavaThread "Unconstrained build operations Thread 16"        [_thread_blocked, id=35488, stack(0x000000c4b4200000,0x000000c4b4300000) (1024K)]
  0x00000210d81a6260 JavaThread "Unconstrained build operations Thread 17"        [_thread_blocked, id=30944, stack(0x000000c4b4300000,0x000000c4b4400000) (1024K)]
  0x00000210d81a5a90 JavaThread "Unconstrained build operations Thread 18"        [_thread_blocked, id=39352, stack(0x000000c4b4400000,0x000000c4b4500000) (1024K)]
  0x00000210d81a7200 JavaThread "Unconstrained build operations Thread 19"        [_thread_blocked, id=30600, stack(0x000000c4b4500000,0x000000c4b4600000) (1024K)]
  0x00000210d81a79d0 JavaThread "Unconstrained build operations Thread 20"        [_thread_blocked, id=28112, stack(0x000000c4b4600000,0x000000c4b4700000) (1024K)]
  0x00000210d757b510 JavaThread "WorkerExecutor Queue"              [_thread_blocked, id=33140, stack(0x000000c4b4700000,0x000000c4b4800000) (1024K)]
  0x00000210d757a570 JavaThread "RMI Scheduler(0)"           daemon [_thread_blocked, id=7788, stack(0x000000c4b4800000,0x000000c4b4900000) (1024K)]
  0x00000210d757c4b0 JavaThread "RMI GC Daemon"              daemon [_thread_blocked, id=35712, stack(0x000000c4b4a00000,0x000000c4b4b00000) (1024K)]
  0x00000210d757ebc0 JavaThread "RMI TCP Accept-0"           daemon [_thread_in_native, id=24220, stack(0x000000c4b4b00000,0x000000c4b4c00000) (1024K)]
  0x00000210d757f390 JavaThread "RMI Reaper"                        [_thread_blocked, id=38180, stack(0x000000c4b4c00000,0x000000c4b4d00000) (1024K)]
  0x00000210d5086ac0 JavaThread "Unconstrained build operations Thread 21"        [_thread_blocked, id=35496, stack(0x000000c4b4900000,0x000000c4b4a00000) (1024K)]
  0x00000210d5087290 JavaThread "Unconstrained build operations Thread 22"        [_thread_blocked, id=36188, stack(0x000000c4b4e00000,0x000000c4b4f00000) (1024K)]
  0x00000210d5085b20 JavaThread "Unconstrained build operations Thread 23"        [_thread_blocked, id=32216, stack(0x000000c4b4f00000,0x000000c4b5000000) (1024K)]
  0x00000210d5087a60 JavaThread "Unconstrained build operations Thread 24"        [_thread_blocked, id=11876, stack(0x000000c4b5000000,0x000000c4b5100000) (1024K)]
  0x00000210d50891d0 JavaThread "Unconstrained build operations Thread 25"        [_thread_blocked, id=23296, stack(0x000000c4b5100000,0x000000c4b5200000) (1024K)]
  0x00000210d757d450 JavaThread "Unconstrained build operations Thread 26"        [_thread_blocked, id=10256, stack(0x000000c4b5200000,0x000000c4b5300000) (1024K)]
  0x00000210d849d290 JavaThread "Unconstrained build operations Thread 27"        [_thread_blocked, id=33820, stack(0x000000c4b5300000,0x000000c4b5400000) (1024K)]
  0x00000210d849c2f0 JavaThread "Unconstrained build operations Thread 28"        [_thread_blocked, id=28660, stack(0x000000c4b5400000,0x000000c4b5500000) (1024K)]
  0x00000210d8499be0 JavaThread "Unconstrained build operations Thread 29"        [_thread_blocked, id=37436, stack(0x000000c4b5500000,0x000000c4b5600000) (1024K)]
  0x00000210d84a3ff0 JavaThread "Kotlin DSL Writer"                 [_thread_blocked, id=17120, stack(0x000000c4b5b00000,0x000000c4b5c00000) (1024K)]
  0x00000210f34d7030 JavaThread "build event listener"              [_thread_blocked, id=35180, stack(0x000000c4b3700000,0x000000c4b3800000) (1024K)]
  0x00000210f34dbe50 JavaThread "build event listener"              [_thread_blocked, id=23280, stack(0x000000c4b4d00000,0x000000c4b4e00000) (1024K)]
  0x00000210f3ae98a0 JavaThread "Problems report writer"            [_thread_blocked, id=24964, stack(0x000000c4b5600000,0x000000c4b5700000) (1024K)]
  0x00000210f3ae8900 JavaThread "Unconstrained build operations Thread 30"        [_thread_blocked, id=40740, stack(0x000000c4b5700000,0x000000c4b5800000) (1024K)]
  0x00000210f3ae90d0 JavaThread "Unconstrained build operations Thread 31"        [_thread_blocked, id=31348, stack(0x000000c4b5800000,0x000000c4b5900000) (1024K)]
  0x00000210f3aeb010 JavaThread "Unconstrained build operations Thread 32"        [_thread_blocked, id=15768, stack(0x000000c4b5c00000,0x000000c4b5d00000) (1024K)]
  0x00000210f3aee6c0 JavaThread "Unconstrained build operations Thread 33"        [_thread_blocked, id=31800, stack(0x000000c4b5d00000,0x000000c4b5e00000) (1024K)]
  0x00000210f3aec780 JavaThread "Unconstrained build operations Thread 34"        [_thread_blocked, id=2480, stack(0x000000c4b5e00000,0x000000c4b5f00000) (1024K)]
  0x00000210f3aebfb0 JavaThread "Unconstrained build operations Thread 35"        [_thread_blocked, id=3868, stack(0x000000c4b5f00000,0x000000c4b6000000) (1024K)]
  0x00000210f3aef660 JavaThread "Unconstrained build operations Thread 36"        [_thread_blocked, id=652, stack(0x000000c4b6000000,0x000000c4b6100000) (1024K)]
  0x00000210f3af0dd0 JavaThread "Unconstrained build operations Thread 37"        [_thread_blocked, id=35760, stack(0x000000c4b6100000,0x000000c4b6200000) (1024K)]
  0x00000210f3aed720 JavaThread "Unconstrained build operations Thread 38"        [_thread_blocked, id=20332, stack(0x000000c4b6200000,0x000000c4b6300000) (1024K)]
  0x00000210f3af4480 JavaThread "File lock release action executor Thread 5"        [_thread_blocked, id=31804, stack(0x000000c4b6300000,0x000000c4b6400000) (1024K)]
  0x00000210f3af3cb0 JavaThread "File lock release action executor Thread 6"        [_thread_blocked, id=39532, stack(0x000000c4b6400000,0x000000c4b6500000) (1024K)]
  0x00000210f3af4c50 JavaThread "File lock release action executor Thread 7"        [_thread_blocked, id=20832, stack(0x000000c4b6500000,0x000000c4b6600000) (1024K)]
  0x00000210f3af63c0 JavaThread "Unconstrained build operations Thread 39"        [_thread_blocked, id=32204, stack(0x000000c4b6600000,0x000000c4b6700000) (1024K)]
  0x00000210f3af6b90 JavaThread "Unconstrained build operations Thread 40"        [_thread_blocked, id=37024, stack(0x000000c4b6700000,0x000000c4b6800000) (1024K)]
Total: 96

Other Threads:
=>0x00000210cd3a4e80 VMThread "VM Thread"                           [id=15152, stack(0x000000c4b0600000,0x000000c4b0700000) (1024K)]
  0x00000210cd3947d0 WatcherThread "VM Periodic Task Thread"        [id=20724, stack(0x000000c4b0500000,0x000000c4b0600000) (1024K)]
  0x000002109a843c00 WorkerThread "GC Thread#0"                     [id=15640, stack(0x000000c4b0000000,0x000000c4b0100000) (1024K)]
  0x00000210d44606a0 WorkerThread "GC Thread#1"                     [id=38564, stack(0x000000c4b1100000,0x000000c4b1200000) (1024K)]
  0x00000210d48304e0 WorkerThread "GC Thread#2"                     [id=22892, stack(0x000000c4b1c00000,0x000000c4b1d00000) (1024K)]
  0x00000210d4831ec0 WorkerThread "GC Thread#3"                     [id=35456, stack(0x000000c4b1d00000,0x000000c4b1e00000) (1024K)]
  0x000002109a84ca70 ConcurrentGCThread "G1 Main Marker"            [id=3632, stack(0x000000c4b0100000,0x000000c4b0200000) (1024K)]
  0x000002109a84d610 WorkerThread "G1 Conc#0"                       [id=34036, stack(0x000000c4b0200000,0x000000c4b0300000) (1024K)]
  0x00000210cd263630 ConcurrentGCThread "G1 Refine#0"               [id=31284, stack(0x000000c4b0300000,0x000000c4b0400000) (1024K)]
  0x00000210cd264e90 ConcurrentGCThread "G1 Service"                [id=16424, stack(0x000000c4b0400000,0x000000c4b0500000) (1024K)]
Total: 10

Threads with active compile tasks:
C2 CompilerThread0  452434 29297       4       org.jetbrains.kotlin.fir.declarations.DeprecationUtilsKt::extractDeprecationAnnotationInfoPerUseSite (1240 bytes)
C1 CompilerThread0  452434 29391       3       org.jetbrains.kotlin.fir.deserialization.FirMemberDeserializer::loadPropertySetter (497 bytes)
Total: 2

VM state: at safepoint (normal execution)

VM Mutex/Monitor currently owned by a thread:  ([mutex/lock_event])
[0x00007fff39a394e8] Threads_lock - owner thread: 0x00000210cd3a4e80
[0x00007fff39a39668] Heap_lock - owner thread: 0x00000210d5609e00

Heap address: 0x0000000600000000, size: 8192 MB, Compressed Oops mode: Zero based, Oop shift amount: 3

CDS archive(s) mapped at: [0x000000003e000000-0x000000003edd0000-0x000000003edd0000), size 14483456, SharedBaseAddress: 0x000000003e000000, ArchiveRelocationMode: 1.
Compressed class space mapped at: 0x000000003f000000-0x000000007f000000, reserved size: 1073741824
UseCompressedClassPointers 1, UseCompactObjectHeaders 0
Narrow klass pointer bits 32, Max shift 3
Narrow klass base: 0x000000003e000000, Narrow klass shift: 0
Encoding Range: [0x000000003e000000 - 0x000000013e000000), (4294967296 bytes)
Klass Range:    [0x000000003e010000 - 0x000000007f000000), (1090453504 bytes)
Klass ID Range:  [65536 - 1090519033) (1090453497)
Protection zone: [0x000000003e000000 - 0x000000003e010000), (65536 bytes)

GC Precious Log:
 CardTable entry size: 512
 Card Set container configuration: InlinePtr #cards 4 size 8 Array Of Cards #cards 32 size 80 Howl #buckets 8 coarsen threshold 7372 Howl Bitmap #cards 1024 size 144 coarsen threshold 921 Card regions per heap region 1 cards per card region 8192
 CPUs: 4 total, 4 available
 Memory: 7544M
 Large Page Support: Disabled
 NUMA Support: Disabled
 Compressed Oops: Enabled (Zero based)
 Heap Region Size: 4M
 Heap Min Capacity: 8M
 Heap Initial Capacity: 120M
 Heap Max Capacity: 8G
 Pre-touch: Disabled
 Parallel Workers: 4
 Concurrent Workers: 1
 Concurrent Refinement Workers: 4
 Periodic GC: Disabled

Heap:
 garbage-first heap   total reserved 8388608K, committed 643072K, used 368084K [0x0000000600000000, 0x0000000800000000)
  region size 4096K, 2 young (8192K), 2 survivors (8192K)

Heap Regions: E=young(eden), S=young(survivor), O=old, HS=humongous(starts), HC=humongous(continues), CS=collection set, F=free, TAMS=top-at-mark-start, PB=parsable bottom
|   0|0x0000000600000000, 0x0000000600400000, 0x0000000600400000|100%|HS|  |TAMS 0x0000000600000000| PB 0x0000000600000000| Complete |  0
|   1|0x0000000600400000, 0x0000000600800000, 0x0000000600800000|100%| O|  |TAMS 0x0000000600400000| PB 0x0000000600400000| Untracked |  0
|   2|0x0000000600800000, 0x0000000600c00000, 0x0000000600c00000|100%| O|  |TAMS 0x0000000600800000| PB 0x0000000600800000| Untracked |  0
|   3|0x0000000600c00000, 0x0000000601000000, 0x0000000601000000|100%| O|  |TAMS 0x0000000600c00000| PB 0x0000000600c00000| Untracked |  0
|   4|0x0000000601000000, 0x0000000601400000, 0x0000000601400000|100%| O|  |TAMS 0x0000000601000000| PB 0x0000000601000000| Untracked |  0
|   5|0x0000000601400000, 0x0000000601800000, 0x0000000601800000|100%| O|  |TAMS 0x0000000601400000| PB 0x0000000601400000| Untracked |  0
|   6|0x0000000601800000, 0x0000000601c00000, 0x0000000601c00000|100%| O|  |TAMS 0x0000000601800000| PB 0x0000000601800000| Untracked |  0
|   7|0x0000000601c00000, 0x0000000602000000, 0x0000000602000000|100%| O|  |TAMS 0x0000000601c00000| PB 0x0000000601c00000| Untracked |  0
|   8|0x0000000602000000, 0x0000000602400000, 0x0000000602400000|100%| O|  |TAMS 0x0000000602000000| PB 0x0000000602000000| Untracked |  0
|   9|0x0000000602400000, 0x0000000602800000, 0x0000000602800000|100%| O|  |TAMS 0x0000000602400000| PB 0x0000000602400000| Untracked |  0
|  10|0x0000000602800000, 0x0000000602c00000, 0x0000000602c00000|100%| O|  |TAMS 0x0000000602800000| PB 0x0000000602800000| Untracked |  0
|  11|0x0000000602c00000, 0x0000000603000000, 0x0000000603000000|100%| O|  |TAMS 0x0000000602c00000| PB 0x0000000602c00000| Untracked |  0
|  12|0x0000000603000000, 0x0000000603400000, 0x0000000603400000|100%| O|  |TAMS 0x0000000603000000| PB 0x0000000603000000| Untracked |  0
|  13|0x0000000603400000, 0x0000000603800000, 0x0000000603800000|100%| O|Cm|TAMS 0x0000000603400000| PB 0x0000000603400000| Complete |  0
|  14|0x0000000603800000, 0x0000000603c00000, 0x0000000603c00000|100%| O|  |TAMS 0x0000000603800000| PB 0x0000000603800000| Untracked |  0
|  15|0x0000000603c00000, 0x0000000604000000, 0x0000000604000000|100%| O|  |TAMS 0x0000000603c00000| PB 0x0000000603c00000| Untracked |  0
|  16|0x0000000604000000, 0x0000000604400000, 0x0000000604400000|100%| O|  |TAMS 0x0000000604000000| PB 0x0000000604000000| Untracked |  0
|  17|0x0000000604400000, 0x0000000604800000, 0x0000000604800000|100%| O|  |TAMS 0x0000000604400000| PB 0x0000000604400000| Untracked |  0
|  18|0x0000000604800000, 0x0000000604c00000, 0x0000000604c00000|100%| O|  |TAMS 0x0000000604800000| PB 0x0000000604800000| Untracked |  0
|  19|0x0000000604c00000, 0x0000000605000000, 0x0000000605000000|100%| O|  |TAMS 0x0000000604c00000| PB 0x0000000604c00000| Untracked |  0
|  20|0x0000000605000000, 0x0000000605400000, 0x0000000605400000|100%| O|  |TAMS 0x0000000605000000| PB 0x0000000605000000| Untracked |  0
|  21|0x0000000605400000, 0x0000000605800000, 0x0000000605800000|100%| O|  |TAMS 0x0000000605400000| PB 0x0000000605400000| Untracked |  0
|  22|0x0000000605800000, 0x0000000605c00000, 0x0000000605c00000|100%| O|  |TAMS 0x0000000605800000| PB 0x0000000605800000| Untracked |  0
|  23|0x0000000605c00000, 0x0000000606000000, 0x0000000606000000|100%| O|Cm|TAMS 0x0000000605c00000| PB 0x0000000605c00000| Complete |  0
|  24|0x0000000606000000, 0x0000000606400000, 0x0000000606400000|100%| O|Cm|TAMS 0x0000000606000000| PB 0x0000000606000000| Complete |  0
|  25|0x0000000606400000, 0x0000000606800000, 0x0000000606800000|100%| O|  |TAMS 0x0000000606400000| PB 0x0000000606400000| Untracked |  0
|  26|0x0000000606800000, 0x0000000606c00000, 0x0000000606c00000|100%| O|  |TAMS 0x0000000606800000| PB 0x0000000606800000| Untracked |  0
|  27|0x0000000606c00000, 0x0000000607000000, 0x0000000607000000|100%| O|  |TAMS 0x0000000606c00000| PB 0x0000000606c00000| Untracked |  0
|  28|0x0000000607000000, 0x0000000607400000, 0x0000000607400000|100%| O|  |TAMS 0x0000000607000000| PB 0x0000000607000000| Untracked |  0
|  29|0x0000000607400000, 0x0000000607800000, 0x0000000607800000|100%| O|  |TAMS 0x0000000607400000| PB 0x0000000607400000| Untracked |  0
|  30|0x0000000607800000, 0x0000000607c00000, 0x0000000607c00000|100%| O|Cm|TAMS 0x0000000607800000| PB 0x0000000607800000| Complete |  0
|  31|0x0000000607c00000, 0x0000000607c00000, 0x0000000608000000|  0%| F|  |TAMS 0x0000000607c00000| PB 0x0000000607c00000| Untracked |  0
|  32|0x0000000608000000, 0x0000000608400000, 0x0000000608400000|100%| O|  |TAMS 0x0000000608000000| PB 0x0000000608000000| Untracked |  0
|  33|0x0000000608400000, 0x0000000608800000, 0x0000000608800000|100%| O|  |TAMS 0x0000000608400000| PB 0x0000000608400000| Untracked |  0
|  34|0x0000000608800000, 0x0000000608800000, 0x0000000608c00000|  0%| F|  |TAMS 0x0000000608800000| PB 0x0000000608800000| Untracked |  0
|  35|0x0000000608c00000, 0x0000000609000000, 0x0000000609000000|100%| O|  |TAMS 0x0000000608c00000| PB 0x0000000608c00000| Untracked |  0
|  36|0x0000000609000000, 0x0000000609400000, 0x0000000609400000|100%| O|  |TAMS 0x0000000609000000| PB 0x0000000609000000| Untracked |  0
|  37|0x0000000609400000, 0x0000000609800000, 0x0000000609800000|100%| O|  |TAMS 0x0000000609400000| PB 0x0000000609400000| Untracked |  0
|  38|0x0000000609800000, 0x0000000609c00000, 0x0000000609c00000|100%| O|Cm|TAMS 0x0000000609800000| PB 0x0000000609800000| Complete |  0
|  39|0x0000000609c00000, 0x000000060a000000, 0x000000060a000000|100%| O|  |TAMS 0x0000000609c00000| PB 0x0000000609c00000| Untracked |  0
|  40|0x000000060a000000, 0x000000060a400000, 0x000000060a400000|100%| O|  |TAMS 0x000000060a000000| PB 0x000000060a000000| Untracked |  0
|  41|0x000000060a400000, 0x000000060a800000, 0x000000060a800000|100%| O|  |TAMS 0x000000060a400000| PB 0x000000060a400000| Untracked |  0
|  42|0x000000060a800000, 0x000000060ac00000, 0x000000060ac00000|100%| O|  |TAMS 0x000000060a800000| PB 0x000000060a800000| Untracked |  0
|  43|0x000000060ac00000, 0x000000060b000000, 0x000000060b000000|100%| O|  |TAMS 0x000000060ac00000| PB 0x000000060ac00000| Untracked |  0
|  44|0x000000060b000000, 0x000000060b400000, 0x000000060b400000|100%| O|  |TAMS 0x000000060b000000| PB 0x000000060b000000| Untracked |  0
|  45|0x000000060b400000, 0x000000060b800000, 0x000000060b800000|100%| O|Cm|TAMS 0x000000060b400000| PB 0x000000060b400000| Complete |  0
|  46|0x000000060b800000, 0x000000060bc00000, 0x000000060bc00000|100%| O|  |TAMS 0x000000060b800000| PB 0x000000060b800000| Untracked |  0
|  47|0x000000060bc00000, 0x000000060c000000, 0x000000060c000000|100%| O|  |TAMS 0x000000060bc00000| PB 0x000000060bc00000| Untracked |  0
|  48|0x000000060c000000, 0x000000060c400000, 0x000000060c400000|100%| O|Cm|TAMS 0x000000060c000000| PB 0x000000060c000000| Complete |  0
|  49|0x000000060c400000, 0x000000060c800000, 0x000000060c800000|100%| O|  |TAMS 0x000000060c400000| PB 0x000000060c400000| Untracked |  0
|  50|0x000000060c800000, 0x000000060cc00000, 0x000000060cc00000|100%| O|  |TAMS 0x000000060c800000| PB 0x000000060c800000| Untracked |  0
|  51|0x000000060cc00000, 0x000000060d000000, 0x000000060d000000|100%| O|  |TAMS 0x000000060cc00000| PB 0x000000060cc00000| Untracked |  0
|  52|0x000000060d000000, 0x000000060d400000, 0x000000060d400000|100%| O|  |TAMS 0x000000060d000000| PB 0x000000060d000000| Untracked |  0
|  53|0x000000060d400000, 0x000000060d800000, 0x000000060d800000|100%| O|Cm|TAMS 0x000000060d400000| PB 0x000000060d400000| Complete |  0
|  54|0x000000060d800000, 0x000000060dc00000, 0x000000060dc00000|100%| O|  |TAMS 0x000000060d800000| PB 0x000000060d800000| Untracked |  0
|  55|0x000000060dc00000, 0x000000060e000000, 0x000000060e000000|100%| O|  |TAMS 0x000000060dc00000| PB 0x000000060dc00000| Untracked |  0
|  56|0x000000060e000000, 0x000000060e400000, 0x000000060e400000|100%| O|  |TAMS 0x000000060e000000| PB 0x000000060e000000| Untracked |  0
|  57|0x000000060e400000, 0x000000060e800000, 0x000000060e800000|100%| O|  |TAMS 0x000000060e400000| PB 0x000000060e400000| Untracked |  0
|  58|0x000000060e800000, 0x000000060ec00000, 0x000000060ec00000|100%| O|  |TAMS 0x000000060e800000| PB 0x000000060e800000| Untracked |  0
|  59|0x000000060ec00000, 0x000000060f000000, 0x000000060f000000|100%| O|  |TAMS 0x000000060ec00000| PB 0x000000060ec00000| Untracked |  0
|  60|0x000000060f000000, 0x000000060f400000, 0x000000060f400000|100%| O|  |TAMS 0x000000060f000000| PB 0x000000060f000000| Untracked |  0
|  61|0x000000060f400000, 0x000000060f800000, 0x000000060f800000|100%| O|  |TAMS 0x000000060f400000| PB 0x000000060f400000| Untracked |  0
|  62|0x000000060f800000, 0x000000060fc00000, 0x000000060fc00000|100%| O|  |TAMS 0x000000060f800000| PB 0x000000060f800000| Untracked |  0
|  63|0x000000060fc00000, 0x0000000610000000, 0x0000000610000000|100%|HS|  |TAMS 0x000000060fc00000| PB 0x000000060fc00000| Complete |  0
|  64|0x0000000610000000, 0x0000000610400000, 0x0000000610400000|100%| O|  |TAMS 0x0000000610000000| PB 0x0000000610000000| Untracked |  0
|  65|0x0000000610400000, 0x0000000610800000, 0x0000000610800000|100%| O|  |TAMS 0x0000000610400000| PB 0x0000000610400000| Untracked |  0
|  66|0x0000000610800000, 0x0000000610c00000, 0x0000000610c00000|100%| O|  |TAMS 0x0000000610800000| PB 0x0000000610800000| Untracked |  0
|  67|0x0000000610c00000, 0x0000000611000000, 0x0000000611000000|100%| O|  |TAMS 0x0000000610c00000| PB 0x0000000610c00000| Untracked |  0
|  68|0x0000000611000000, 0x0000000611400000, 0x0000000611400000|100%| O|  |TAMS 0x0000000611000000| PB 0x0000000611000000| Untracked |  0
|  69|0x0000000611400000, 0x0000000611800000, 0x0000000611800000|100%| O|  |TAMS 0x0000000611400000| PB 0x0000000611400000| Untracked |  0
|  70|0x0000000611800000, 0x0000000611c00000, 0x0000000611c00000|100%| O|  |TAMS 0x0000000611800000| PB 0x0000000611800000| Untracked |  0
|  71|0x0000000611c00000, 0x0000000612000000, 0x0000000612000000|100%| O|  |TAMS 0x0000000611c00000| PB 0x0000000611c00000| Untracked |  0
|  72|0x0000000612000000, 0x0000000612400000, 0x0000000612400000|100%| O|Cm|TAMS 0x0000000612000000| PB 0x0000000612000000| Complete |  0
|  73|0x0000000612400000, 0x0000000612800000, 0x0000000612800000|100%| O|  |TAMS 0x0000000612400000| PB 0x0000000612400000| Untracked |  0
|  74|0x0000000612800000, 0x0000000612c00000, 0x0000000612c00000|100%| O|  |TAMS 0x0000000612800000| PB 0x0000000612800000| Untracked |  0
|  75|0x0000000612c00000, 0x0000000613000000, 0x0000000613000000|100%| O|  |TAMS 0x0000000612c00000| PB 0x0000000612c00000| Untracked |  0
|  76|0x0000000613000000, 0x0000000613400000, 0x0000000613400000|100%| O|  |TAMS 0x0000000613000000| PB 0x0000000613000000| Untracked |  0
|  77|0x0000000613400000, 0x0000000613800000, 0x0000000613800000|100%| O|  |TAMS 0x0000000613400000| PB 0x0000000613400000| Untracked |  0
|  78|0x0000000613800000, 0x0000000613c00000, 0x0000000613c00000|100%| O|  |TAMS 0x0000000613800000| PB 0x0000000613800000| Untracked |  0
|  79|0x0000000613c00000, 0x0000000613c00000, 0x0000000614000000|  0%| F|  |TAMS 0x0000000613c00000| PB 0x0000000613c00000| Untracked |  0
|  80|0x0000000614000000, 0x0000000614000000, 0x0000000614400000|  0%| F|  |TAMS 0x0000000614000000| PB 0x0000000614000000| Untracked |  0
|  81|0x0000000614400000, 0x0000000614400000, 0x0000000614800000|  0%| F|  |TAMS 0x0000000614400000| PB 0x0000000614400000| Untracked |  0
|  82|0x0000000614800000, 0x0000000614800000, 0x0000000614c00000|  0%| F|  |TAMS 0x0000000614800000| PB 0x0000000614800000| Untracked |  0
|  83|0x0000000614c00000, 0x0000000614c00000, 0x0000000615000000|  0%| F|  |TAMS 0x0000000614c00000| PB 0x0000000614c00000| Untracked |  0
|  84|0x0000000615000000, 0x0000000615000000, 0x0000000615400000|  0%| F|  |TAMS 0x0000000615000000| PB 0x0000000615000000| Untracked |  0
|  85|0x0000000615400000, 0x0000000615400000, 0x0000000615800000|  0%| F|  |TAMS 0x0000000615400000| PB 0x0000000615400000| Untracked |  0
|  86|0x0000000615800000, 0x0000000615800000, 0x0000000615c00000|  0%| F|  |TAMS 0x0000000615800000| PB 0x0000000615800000| Untracked |  0
|  87|0x0000000615c00000, 0x0000000615c00000, 0x0000000616000000|  0%| F|  |TAMS 0x0000000615c00000| PB 0x0000000615c00000| Untracked |  0
|  88|0x0000000616000000, 0x0000000616400000, 0x0000000616400000|100%| O|  |TAMS 0x0000000616000000| PB 0x0000000616000000| Untracked |  0
|  89|0x0000000616400000, 0x0000000616800000, 0x0000000616800000|100%| O|  |TAMS 0x0000000616400000| PB 0x0000000616400000| Untracked |  0
|  90|0x0000000616800000, 0x0000000616c00000, 0x0000000616c00000|100%| O|  |TAMS 0x0000000616800000| PB 0x0000000616800000| Untracked |  0
|  91|0x0000000616c00000, 0x0000000617000000, 0x0000000617000000|100%| O|  |TAMS 0x0000000616c00000| PB 0x0000000616c00000| Untracked |  0
|  92|0x0000000617000000, 0x0000000617400000, 0x0000000617400000|100%| O|  |TAMS 0x0000000617000000| PB 0x0000000617000000| Untracked |  0
|  93|0x0000000617400000, 0x0000000617800000, 0x0000000617800000|100%| O|  |TAMS 0x0000000617400000| PB 0x0000000617400000| Untracked |  0
|  94|0x0000000617800000, 0x0000000617c00000, 0x0000000617c00000|100%| O|  |TAMS 0x0000000617800000| PB 0x0000000617800000| Untracked |  0
|  95|0x0000000617c00000, 0x0000000617f75230, 0x0000000618000000| 86%| O|  |TAMS 0x0000000617c00000| PB 0x0000000617c00000| Untracked |  0
|  96|0x0000000618000000, 0x0000000618000000, 0x0000000618400000|  0%| F|  |TAMS 0x0000000618000000| PB 0x0000000618000000| Untracked |  0
|  97|0x0000000618400000, 0x0000000618400000, 0x0000000618800000|  0%| F|  |TAMS 0x0000000618400000| PB 0x0000000618400000| Untracked |  0
|  98|0x0000000618800000, 0x0000000618800000, 0x0000000618c00000|  0%| F|  |TAMS 0x0000000618800000| PB 0x0000000618800000| Untracked |  0
|  99|0x0000000618c00000, 0x0000000618c00000, 0x0000000619000000|  0%| F|  |TAMS 0x0000000618c00000| PB 0x0000000618c00000| Untracked |  0
| 100|0x0000000619000000, 0x0000000619000000, 0x0000000619400000|  0%| F|  |TAMS 0x0000000619000000| PB 0x0000000619000000| Untracked |  0
| 101|0x0000000619400000, 0x0000000619400000, 0x0000000619800000|  0%| F|  |TAMS 0x0000000619400000| PB 0x0000000619400000| Untracked |  0
| 102|0x0000000619800000, 0x0000000619800000, 0x0000000619c00000|  0%| F|  |TAMS 0x0000000619800000| PB 0x0000000619800000| Untracked |  0
| 103|0x0000000619c00000, 0x0000000619c00000, 0x000000061a000000|  0%| F|  |TAMS 0x0000000619c00000| PB 0x0000000619c00000| Untracked |  0
| 104|0x000000061a000000, 0x000000061a000000, 0x000000061a400000|  0%| F|  |TAMS 0x000000061a000000| PB 0x000000061a000000| Untracked |  0
| 105|0x000000061a400000, 0x000000061a400000, 0x000000061a800000|  0%| F|  |TAMS 0x000000061a400000| PB 0x000000061a400000| Untracked |  0
| 106|0x000000061a800000, 0x000000061a800000, 0x000000061ac00000|  0%| F|  |TAMS 0x000000061a800000| PB 0x000000061a800000| Untracked |  0
| 107|0x000000061ac00000, 0x000000061ac00000, 0x000000061b000000|  0%| F|  |TAMS 0x000000061ac00000| PB 0x000000061ac00000| Untracked |  0
| 108|0x000000061b000000, 0x000000061b000000, 0x000000061b400000|  0%| F|  |TAMS 0x000000061b000000| PB 0x000000061b000000| Untracked |  0
| 109|0x000000061b400000, 0x000000061b400000, 0x000000061b800000|  0%| F|  |TAMS 0x000000061b400000| PB 0x000000061b400000| Untracked |  0
| 110|0x000000061b800000, 0x000000061b800000, 0x000000061bc00000|  0%| F|  |TAMS 0x000000061b800000| PB 0x000000061b800000| Untracked |  0
| 111|0x000000061bc00000, 0x000000061bc00000, 0x000000061c000000|  0%| F|  |TAMS 0x000000061bc00000| PB 0x000000061bc00000| Untracked |  0
| 112|0x000000061c000000, 0x000000061c000000, 0x000000061c400000|  0%| F|  |TAMS 0x000000061c000000| PB 0x000000061c000000| Untracked |  0
| 113|0x000000061c400000, 0x000000061c400000, 0x000000061c800000|  0%| F|  |TAMS 0x000000061c400000| PB 0x000000061c400000| Untracked |  0
| 114|0x000000061c800000, 0x000000061c800000, 0x000000061cc00000|  0%| F|  |TAMS 0x000000061c800000| PB 0x000000061c800000| Untracked |  0
| 115|0x000000061cc00000, 0x000000061cc00000, 0x000000061d000000|  0%| F|  |TAMS 0x000000061cc00000| PB 0x000000061cc00000| Untracked |  0
| 116|0x000000061d000000, 0x000000061d000000, 0x000000061d400000|  0%| F|  |TAMS 0x000000061d000000| PB 0x000000061d000000| Untracked |  0
| 117|0x000000061d400000, 0x000000061d400000, 0x000000061d800000|  0%| F|  |TAMS 0x000000061d400000| PB 0x000000061d400000| Untracked |  0
| 118|0x000000061d800000, 0x000000061d800000, 0x000000061dc00000|  0%| F|  |TAMS 0x000000061d800000| PB 0x000000061d800000| Untracked |  0
| 119|0x000000061dc00000, 0x000000061dc00000, 0x000000061e000000|  0%| F|  |TAMS 0x000000061dc00000| PB 0x000000061dc00000| Untracked |  0
| 120|0x000000061e000000, 0x000000061e000000, 0x000000061e400000|  0%| F|  |TAMS 0x000000061e000000| PB 0x000000061e000000| Untracked |  0
| 121|0x000000061e400000, 0x000000061e400000, 0x000000061e800000|  0%| F|  |TAMS 0x000000061e400000| PB 0x000000061e400000| Untracked |  0
| 122|0x000000061e800000, 0x000000061e800000, 0x000000061ec00000|  0%| F|  |TAMS 0x000000061e800000| PB 0x000000061e800000| Untracked |  0
| 123|0x000000061ec00000, 0x000000061ec00000, 0x000000061f000000|  0%| F|  |TAMS 0x000000061ec00000| PB 0x000000061ec00000| Untracked |  0
| 124|0x000000061f000000, 0x000000061f000000, 0x000000061f400000|  0%| F|  |TAMS 0x000000061f000000| PB 0x000000061f000000| Untracked |  0
| 125|0x000000061f400000, 0x000000061f400000, 0x000000061f800000|  0%| F|  |TAMS 0x000000061f400000| PB 0x000000061f400000| Untracked |  0
| 126|0x000000061f800000, 0x000000061f800000, 0x000000061fc00000|  0%| F|  |TAMS 0x000000061f800000| PB 0x000000061f800000| Untracked |  0
| 127|0x000000061fc00000, 0x000000061fc00000, 0x0000000620000000|  0%| F|  |TAMS 0x000000061fc00000| PB 0x000000061fc00000| Untracked |  0
| 128|0x0000000620000000, 0x0000000620000000, 0x0000000620400000|  0%| F|  |TAMS 0x0000000620000000| PB 0x0000000620000000| Untracked |  0
| 129|0x0000000620400000, 0x0000000620400000, 0x0000000620800000|  0%| F|  |TAMS 0x0000000620400000| PB 0x0000000620400000| Untracked |  0
| 130|0x0000000620800000, 0x0000000620800000, 0x0000000620c00000|  0%| F|  |TAMS 0x0000000620800000| PB 0x0000000620800000| Untracked |  0
| 131|0x0000000620c00000, 0x0000000620c00000, 0x0000000621000000|  0%| F|  |TAMS 0x0000000620c00000| PB 0x0000000620c00000| Untracked |  0
| 132|0x0000000621000000, 0x0000000621000000, 0x0000000621400000|  0%| F|  |TAMS 0x0000000621000000| PB 0x0000000621000000| Untracked |  0
| 133|0x0000000621400000, 0x0000000621400000, 0x0000000621800000|  0%| F|  |TAMS 0x0000000621400000| PB 0x0000000621400000| Untracked |  0
| 134|0x0000000621800000, 0x0000000621800000, 0x0000000621c00000|  0%| F|  |TAMS 0x0000000621800000| PB 0x0000000621800000| Untracked |  0
| 135|0x0000000621c00000, 0x0000000621c00000, 0x0000000622000000|  0%| F|  |TAMS 0x0000000621c00000| PB 0x0000000621c00000| Untracked |  0
| 136|0x0000000622000000, 0x0000000622000000, 0x0000000622400000|  0%| F|  |TAMS 0x0000000622000000| PB 0x0000000622000000| Untracked |  0
| 137|0x0000000622400000, 0x0000000622400000, 0x0000000622800000|  0%| F|  |TAMS 0x0000000622400000| PB 0x0000000622400000| Untracked |  0
| 138|0x0000000622800000, 0x0000000622800000, 0x0000000622c00000|  0%| F|  |TAMS 0x0000000622800000| PB 0x0000000622800000| Untracked |  0
| 139|0x0000000622c00000, 0x0000000622c00000, 0x0000000623000000|  0%| F|  |TAMS 0x0000000622c00000| PB 0x0000000622c00000| Untracked |  0
| 140|0x0000000623000000, 0x0000000623000000, 0x0000000623400000|  0%| F|  |TAMS 0x0000000623000000| PB 0x0000000623000000| Untracked |  0
| 141|0x0000000623400000, 0x0000000623400000, 0x0000000623800000|  0%| F|  |TAMS 0x0000000623400000| PB 0x0000000623400000| Untracked |  0
| 142|0x0000000623800000, 0x0000000623800000, 0x0000000623c00000|  0%| F|  |TAMS 0x0000000623800000| PB 0x0000000623800000| Untracked |  0
| 143|0x0000000623c00000, 0x0000000623c00000, 0x0000000624000000|  0%| F|  |TAMS 0x0000000623c00000| PB 0x0000000623c00000| Untracked |  0
| 144|0x0000000624000000, 0x0000000624000000, 0x0000000624400000|  0%| F|  |TAMS 0x0000000624000000| PB 0x0000000624000000| Untracked |  0
| 145|0x0000000624400000, 0x0000000624800000, 0x0000000624800000|100%| S|CS|TAMS 0x0000000624400000| PB 0x0000000624400000| Complete |  0
| 146|0x0000000624800000, 0x0000000624c00000, 0x0000000624c00000|100%| S|CS|TAMS 0x0000000624800000| PB 0x0000000624800000| Complete |  0
| 147|0x0000000624c00000, 0x0000000624c00000, 0x0000000625000000|  0%| F|  |TAMS 0x0000000624c00000| PB 0x0000000624c00000| Untracked |  0
| 148|0x0000000625000000, 0x0000000625000000, 0x0000000625400000|  0%| F|  |TAMS 0x0000000625000000| PB 0x0000000625000000| Untracked |  0
|2040|0x00000007fe000000, 0x00000007fe400000, 0x00000007fe400000|100%| O|  |TAMS 0x00000007fe000000| PB 0x00000007fe000000| Untracked |  0
|2041|0x00000007fe400000, 0x00000007fe400000, 0x00000007fe800000|  0%| F|  |TAMS 0x00000007fe400000| PB 0x00000007fe400000| Untracked |  0
|2042|0x00000007fe800000, 0x00000007fe800000, 0x00000007fec00000|  0%| F|  |TAMS 0x00000007fe800000| PB 0x00000007fe800000| Untracked |  0
|2043|0x00000007fec00000, 0x00000007fec00000, 0x00000007ff000000|  0%| F|  |TAMS 0x00000007fec00000| PB 0x00000007fec00000| Untracked |  0
|2044|0x00000007ff000000, 0x00000007ff400000, 0x00000007ff400000|100%| O|  |TAMS 0x00000007ff000000| PB 0x00000007ff000000| Untracked |  0
|2045|0x00000007ff400000, 0x00000007ff400000, 0x00000007ff800000|  0%| F|  |TAMS 0x00000007ff400000| PB 0x00000007ff400000| Untracked |  0
|2046|0x00000007ff800000, 0x00000007ffc00000, 0x00000007ffc00000|100%| O|  |TAMS 0x00000007ff800000| PB 0x00000007ff800000| Untracked |  0
|2047|0x00000007ffc00000, 0x00000007ffc00000, 0x0000000800000000|  0%| F|  |TAMS 0x00000007ffc00000| PB 0x00000007ffc00000| Untracked |  0

Card table byte_map: [0x00000210c4230000,0x00000210c5230000] _byte_map_base: 0x00000210c1230000

Marking Bits: (CMBitMap*) 0x000002109a844390
 Bits: [0x00000210c5230000, 0x00000210cd230000)

Polling page: 0x0000021098740000

Metaspace:
Metaspace        used 182226K, committed 185088K, reserved 1245184K
 class space     used 19196K, committed 20544K, reserved 1048576K

Usage:
  Non-class:    159.21 MB used.
      Class:     18.75 MB used.
       Both:    177.96 MB used.

Virtual space:
  Non-class space:      192.00 MB reserved,     160.69 MB ( 84%) committed,  3 nodes.
      Class space:        1.00 GB reserved,      20.06 MB (  2%) committed,  1 nodes.
             Both:        1.19 GB reserved,     180.75 MB ( 15%) committed. 

Chunk freelists:
   Non-Class:  15.08 MB
       Class:  11.98 MB
        Both:  27.06 MB

MaxMetaspaceSize: 4.00 GB
CompressedClassSpaceSize: 1.00 GB
Initial GC threshold: 21.00 MB
Current GC threshold: 300.62 MB
CDS: on
 - commit_granule_bytes: 65536.
 - commit_granule_words: 8192.
 - virtual_space_node_default_size: 8388608.
 - enlarge_chunks_in_place: 1.
UseCompressedClassPointers 1, UseCompactObjectHeaders 0
Narrow klass pointer bits 32, Max shift 3
Narrow klass base: 0x000000003e000000, Narrow klass shift: 0
Encoding Range: [0x000000003e000000 - 0x000000013e000000), (4294967296 bytes)
Klass Range:    [0x000000003e010000 - 0x000000007f000000), (1090453504 bytes)
Klass ID Range:  [65536 - 1090519033) (1090453497)
Protection zone: [0x000000003e000000 - 0x000000003e010000), (65536 bytes)


Internal statistics:

num_allocs_failed_limit: 6.
num_arena_births: 4760.
num_arena_deaths: 0.
num_vsnodes_births: 4.
num_vsnodes_deaths: 0.
num_space_committed: 2891.
num_space_uncommitted: 0.
num_chunks_returned_to_freelist: 6.
num_chunks_taken_from_freelist: 12132.
num_chunk_merges: 6.
num_chunk_splits: 8759.
num_chunks_enlarged: 6479.
num_inconsistent_stats: 0.

CodeHeap 'non-profiled nmethods': size=259328Kb used=11556Kb max_used=12062Kb free=247771Kb
 bounds [0x00000210b32d0000, 0x00000210b3ea0000, 0x00000210c3010000]
CodeHeap 'profiled nmethods': size=259264Kb used=45170Kb max_used=47433Kb free=214093Kb
 bounds [0x00000210a3010000, 0x00000210a5e70000, 0x00000210b2d40000]
CodeHeap 'non-nmethods': size=5696Kb used=2390Kb max_used=2561Kb free=3305Kb
 bounds [0x00000210b2d40000, 0x00000210b2fe0000, 0x00000210b32d0000]
CodeCache: size=524288Kb, used=59116Kb, max_used=62056Kb, free=465169Kb
 total_blobs=25543, nmethods=24335, adapters=1108, full_count=0
Compilation: enabled, stopped_count=0, restarted_count=0

Compilation events (20 events):
Event: 452.088 Thread 0x00000210cd3dfe40 nmethod 29376 0x00000210a3ddfc88 code [0x00000210a3ddfd80, 0x00000210a3de03d0]
Event: 452.088 Thread 0x00000210cd3dfe40 29377       3       org.jetbrains.kotlin.fir.declarations.builder.FirDefaultSetterValueParameterBuilder::setSymbol (12 bytes)
Event: 452.088 Thread 0x00000210cd3dfe40 nmethod 29377 0x00000210a42b7808 code [0x00000210a42b7900, 0x00000210a42b7f50]
Event: 452.088 Thread 0x00000210cd3dfe40 29378       3       org.jetbrains.kotlin.fir.declarations.builder.FirDefaultSetterValueParameterBuilder::build (55 bytes)
Event: 452.091 Thread 0x00000210cd3dfe40 nmethod 29378 0x00000210a427d388 code [0x00000210a427d480, 0x00000210a4281730]
Event: 452.091 Thread 0x00000210cd3dfe40 29379       3       org.jetbrains.kotlin.fir.declarations.builder.FirDefaultSetterValueParameterBuilder::getModuleData (17 bytes)
Event: 452.092 Thread 0x00000210cd3dfe40 nmethod 29379 0x00000210a342f388 code [0x00000210a342f480, 0x00000210a3430168]
Event: 452.092 Thread 0x00000210cd3dfe40 29380       3       org.jetbrains.kotlin.fir.declarations.builder.FirDefaultSetterValueParameterBuilder::getOrigin (17 bytes)
Event: 452.093 Thread 0x00000210cd3dfe40 nmethod 29380 0x00000210a3449188 code [0x00000210a3449280, 0x00000210a3449f68]
Event: 452.093 Thread 0x00000210cd3dfe40 29381       3       org.jetbrains.kotlin.fir.declarations.builder.FirDefaultSetterValueParameterBuilder::getReturnTypeRef (17 bytes)
Event: 452.094 Thread 0x00000210cd3dfe40 nmethod 29381 0x00000210a36c6188 code [0x00000210a36c6280, 0x00000210a36c6f68]
Event: 452.094 Thread 0x00000210cd3dfe40 29382       3       org.jetbrains.kotlin.fir.declarations.builder.FirDefaultSetterValueParameterBuilder::getSymbol (17 bytes)
Event: 452.094 Thread 0x00000210cd3dfe40 nmethod 29382 0x00000210a374dc08 code [0x00000210a374dd00, 0x00000210a374e9e8]
Event: 452.094 Thread 0x00000210cd3dfe40 29383       3       org.jetbrains.kotlin.fir.declarations.builder.FirDefaultSetterValueParameterBuilder::getContainingDeclarationSymbol (17 bytes)
Event: 452.095 Thread 0x00000210cd3dfe40 nmethod 29383 0x00000210a39ba508 code [0x00000210a39ba600, 0x00000210a39bb2e8]
Event: 452.095 Thread 0x00000210cd3dfe40 29384       3       org.jetbrains.kotlin.fir.declarations.impl.FirDefaultSetterValueParameter::<init> (22 bytes)
Event: 452.096 Thread 0x00000210cd3dfe40 nmethod 29384 0x00000210a32b4808 code [0x00000210a32b4900, 0x00000210a32b4a88]
Event: 452.096 Thread 0x00000210cd3dfe40 29385       3       org.jetbrains.kotlin.fir.declarations.impl.FirDefaultSetterValueParameter::<init> (163 bytes)
Event: 452.100 Thread 0x00000210cd3dfe40 nmethod 29385 0x00000210a5aa5708 code [0x00000210a5aa5800, 0x00000210a5aaa1b8]
Event: 452.100 Thread 0x00000210cd3dfe40 29391       3       org.jetbrains.kotlin.fir.deserialization.FirMemberDeserializer::loadPropertySetter (497 bytes)

GC Heap Usage History (20 events):
Event: 349.731 {heap After GC invocations=71 (full 0):
 garbage-first heap   total reserved 8388608K, committed 516096K, used 219136K [0x0000000600000000, 0x0000000800000000)
  region size 4096K, 3 young (12288K), 3 survivors (12288K)
}
Event: 352.796 {heap Before GC invocations=71 (full 0):
 garbage-first heap   total reserved 8388608K, committed 516096K, used 301056K [0x0000000600000000, 0x0000000800000000)
  region size 4096K, 23 young (94208K), 3 survivors (12288K)
}
Event: 352.859 {heap After GC invocations=72 (full 0):
 garbage-first heap   total reserved 8388608K, committed 638976K, used 230637K [0x0000000600000000, 0x0000000800000000)
  region size 4096K, 3 young (12288K), 3 survivors (12288K)
}
Event: 363.669 {heap Before GC invocations=72 (full 0):
 garbage-first heap   total reserved 8388608K, committed 638976K, used 472301K [0x0000000600000000, 0x0000000800000000)
  region size 4096K, 62 young (253952K), 3 survivors (12288K)
}
Event: 363.718 {heap After GC invocations=73 (full 0):
 garbage-first heap   total reserved 8388608K, committed 638976K, used 246367K [0x0000000600000000, 0x0000000800000000)
  region size 4096K, 7 young (28672K), 7 survivors (28672K)
}
Event: 380.989 {heap Before GC invocations=73 (full 0):
 garbage-first heap   total reserved 8388608K, committed 638976K, used 528991K [0x0000000600000000, 0x0000000800000000)
  region size 4096K, 76 young (311296K), 7 survivors (28672K)
}
Event: 381.123 {heap After GC invocations=74 (full 0):
 garbage-first heap   total reserved 8388608K, committed 638976K, used 269422K [0x0000000600000000, 0x0000000800000000)
  region size 4096K, 9 young (36864K), 9 survivors (36864K)
}
Event: 386.026 {heap Before GC invocations=74 (full 0):
 garbage-first heap   total reserved 8388608K, committed 638976K, used 330862K [0x0000000600000000, 0x0000000800000000)
  region size 4096K, 25 young (102400K), 9 survivors (36864K)
}
Event: 386.154 {heap After GC invocations=75 (full 0):
 garbage-first heap   total reserved 8388608K, committed 638976K, used 270159K [0x0000000600000000, 0x0000000800000000)
  region size 4096K, 2 young (8192K), 2 survivors (8192K)
}
Event: 413.803 {heap Before GC invocations=76 (full 0):
 garbage-first heap   total reserved 8388608K, committed 638976K, used 548687K [0x0000000600000000, 0x0000000800000000)
  region size 4096K, 70 young (286720K), 2 survivors (8192K)
}
Event: 413.932 {heap After GC invocations=77 (full 0):
 garbage-first heap   total reserved 8388608K, committed 638976K, used 290816K [0x0000000600000000, 0x0000000800000000)
  region size 4096K, 6 young (24576K), 6 survivors (24576K)
}
Event: 429.109 {heap Before GC invocations=77 (full 0):
 garbage-first heap   total reserved 8388608K, committed 638976K, used 557056K [0x0000000600000000, 0x0000000800000000)
  region size 4096K, 72 young (294912K), 6 survivors (24576K)
}
Event: 429.463 {heap After GC invocations=78 (full 0):
 garbage-first heap   total reserved 8388608K, committed 638976K, used 304927K [0x0000000600000000, 0x0000000800000000)
  region size 4096K, 9 young (36864K), 9 survivors (36864K)
}
Event: 429.470 {heap Before GC invocations=78 (full 0):
 garbage-first heap   total reserved 8388608K, committed 638976K, used 309023K [0x0000000600000000, 0x0000000800000000)
  region size 4096K, 10 young (40960K), 9 survivors (36864K)
}
Event: 429.666 {heap After GC invocations=79 (full 0):
 garbage-first heap   total reserved 8388608K, committed 638976K, used 303437K [0x0000000600000000, 0x0000000800000000)
  region size 4096K, 2 young (8192K), 2 survivors (8192K)
}
Event: 434.122 {heap Before GC invocations=79 (full 0):
 garbage-first heap   total reserved 8388608K, committed 638976K, used 377165K [0x0000000600000000, 0x0000000800000000)
  region size 4096K, 22 young (90112K), 2 survivors (8192K)
}
Event: 434.158 {heap After GC invocations=80 (full 0):
 garbage-first heap   total reserved 8388608K, committed 638976K, used 303502K [0x0000000600000000, 0x0000000800000000)
  region size 4096K, 2 young (8192K), 2 survivors (8192K)
}
Event: 450.910 {heap Before GC invocations=81 (full 0):
 garbage-first heap   total reserved 8388608K, committed 638976K, used 557454K [0x0000000600000000, 0x0000000800000000)
  region size 4096K, 66 young (270336K), 2 survivors (8192K)
}
Event: 451.095 {heap After GC invocations=82 (full 0):
 garbage-first heap   total reserved 8388608K, committed 643072K, used 364542K [0x0000000600000000, 0x0000000800000000)
  region size 4096K, 9 young (36864K), 9 survivors (36864K)
}
Event: 452.115 {heap Before GC invocations=82 (full 0):
 garbage-first heap   total reserved 8388608K, committed 643072K, used 393214K [0x0000000600000000, 0x0000000800000000)
  region size 4096K, 16 young (65536K), 9 survivors (36864K)
}

Metaspace Usage History (20 events):
Event: 349.731 {metaspace After GC invocations=71 (full 0):
 Metaspace       used 164197K, committed 166848K, reserved 1245184K
  class space    used 17315K, committed 18560K, reserved 1048576K
}
Event: 352.796 {metaspace Before GC invocations=71 (full 0):
 Metaspace       used 165216K, committed 167808K, reserved 1245184K
  class space    used 17358K, committed 18560K, reserved 1048576K
}
Event: 352.859 {metaspace After GC invocations=72 (full 0):
 Metaspace       used 165216K, committed 167808K, reserved 1245184K
  class space    used 17358K, committed 18560K, reserved 1048576K
}
Event: 363.669 {metaspace Before GC invocations=72 (full 0):
 Metaspace       used 178395K, committed 181056K, reserved 1245184K
  class space    used 18795K, committed 20032K, reserved 1048576K
}
Event: 363.718 {metaspace After GC invocations=73 (full 0):
 Metaspace       used 178395K, committed 181056K, reserved 1245184K
  class space    used 18795K, committed 20032K, reserved 1048576K
}
Event: 380.989 {metaspace Before GC invocations=73 (full 0):
 Metaspace       used 180994K, committed 183808K, reserved 1245184K
  class space    used 19095K, committed 20416K, reserved 1048576K
}
Event: 381.123 {metaspace After GC invocations=74 (full 0):
 Metaspace       used 180994K, committed 183808K, reserved 1245184K
  class space    used 19095K, committed 20416K, reserved 1048576K
}
Event: 386.026 {metaspace Before GC invocations=74 (full 0):
 Metaspace       used 181094K, committed 183872K, reserved 1245184K
  class space    used 19106K, committed 20416K, reserved 1048576K
}
Event: 386.154 {metaspace After GC invocations=75 (full 0):
 Metaspace       used 181094K, committed 183872K, reserved 1245184K
  class space    used 19106K, committed 20416K, reserved 1048576K
}
Event: 413.803 {metaspace Before GC invocations=76 (full 0):
 Metaspace       used 181456K, committed 184256K, reserved 1245184K
  class space    used 19137K, committed 20480K, reserved 1048576K
}
Event: 413.932 {metaspace After GC invocations=77 (full 0):
 Metaspace       used 181456K, committed 184256K, reserved 1245184K
  class space    used 19137K, committed 20480K, reserved 1048576K
}
Event: 429.109 {metaspace Before GC invocations=77 (full 0):
 Metaspace       used 181833K, committed 184640K, reserved 1245184K
  class space    used 19183K, committed 20544K, reserved 1048576K
}
Event: 429.463 {metaspace After GC invocations=78 (full 0):
 Metaspace       used 181833K, committed 184640K, reserved 1245184K
  class space    used 19183K, committed 20544K, reserved 1048576K
}
Event: 429.470 {metaspace Before GC invocations=78 (full 0):
 Metaspace       used 181833K, committed 184640K, reserved 1245184K
  class space    used 19183K, committed 20544K, reserved 1048576K
}
Event: 429.666 {metaspace After GC invocations=79 (full 0):
 Metaspace       used 181833K, committed 184640K, reserved 1245184K
  class space    used 19183K, committed 20544K, reserved 1048576K
}
Event: 434.122 {metaspace Before GC invocations=79 (full 0):
 Metaspace       used 181851K, committed 184704K, reserved 1245184K
  class space    used 19183K, committed 20544K, reserved 1048576K
}
Event: 434.158 {metaspace After GC invocations=80 (full 0):
 Metaspace       used 181851K, committed 184704K, reserved 1245184K
  class space    used 19183K, committed 20544K, reserved 1048576K
}
Event: 450.910 {metaspace Before GC invocations=81 (full 0):
 Metaspace       used 182044K, committed 184896K, reserved 1245184K
  class space    used 19187K, committed 20544K, reserved 1048576K
}
Event: 451.095 {metaspace After GC invocations=82 (full 0):
 Metaspace       used 182044K, committed 184896K, reserved 1245184K
  class space    used 19187K, committed 20544K, reserved 1048576K
}
Event: 452.115 {metaspace Before GC invocations=82 (full 0):
 Metaspace       used 182226K, committed 185088K, reserved 1245184K
  class space    used 19196K, committed 20544K, reserved 1048576K
}

Dll operation events (15 events):
Event: 0.126 Loaded shared library C:\Program Files\Java\jdk-25\bin\java.dll
Event: 0.452 Loaded shared library C:\Program Files\Java\jdk-25\bin\zip.dll
Event: 0.460 Loaded shared library C:\Program Files\Java\jdk-25\bin\instrument.dll
Event: 0.477 Loaded shared library C:\Program Files\Java\jdk-25\bin\net.dll
Event: 0.490 Loaded shared library C:\Program Files\Java\jdk-25\bin\nio.dll
Event: 0.512 Loaded shared library C:\Program Files\Java\jdk-25\bin\zip.dll
Event: 1.357 Loaded shared library C:\Program Files\Java\jdk-25\bin\jimage.dll
Event: 1.828 Loaded shared library C:\Program Files\Java\jdk-25\bin\verify.dll
Event: 1.877 Loaded shared library C:\Users\Lenovo\.gradle\native\1def1411415f61bf3af743bc5b6707747c0891f09f0c88961ee8f79bc544acac\windows-amd64\native-platform.dll
Event: 1.911 Loaded shared library C:\Users\Lenovo\.gradle\native\0.2.8\x86_64-windows-gnu\gradle-fileevents.dll
Event: 9.895 Loaded shared library C:\Program Files\Java\jdk-25\bin\management.dll
Event: 9.910 Loaded shared library C:\Program Files\Java\jdk-25\bin\management_ext.dll
Event: 11.614 Loaded shared library C:\Program Files\Java\jdk-25\bin\extnet.dll
Event: 14.083 Loaded shared library C:\Program Files\Java\jdk-25\bin\sunmscapi.dll
Event: 154.747 Loaded shared library C:\Program Files\Java\jdk-25\bin\rmi.dll

Deoptimization events (20 events):
Event: 437.030 Thread 0x00000210d4d608d0 Uncommon trap: trap_request=0xffffffbe fr.pc=0x00000210b39cd4f4 relative=0x00000000000003f4
Event: 437.030 Thread 0x00000210d4d608d0 Uncommon trap: reason=profile_predicate action=maybe_recompile pc=0x00000210b39cd4f4 method=java.util.concurrent.FutureTask.awaitDone(ZJ)I @ 18 c2
Event: 437.030 Thread 0x00000210d4d608d0 DEOPT PACKING pc=0x00000210b39cd4f4 sp=0x000000c4b18f6be0
Event: 437.030 Thread 0x00000210d4d608d0 DEOPT UNPACKING pc=0x00000210b2dcd402 sp=0x000000c4b18f6b50 mode 2
Event: 439.837 Thread 0x00000210d4d608d0 Uncommon trap: trap_request=0xffffff45 fr.pc=0x00000210b37c5d58 relative=0x0000000000000cd8
Event: 439.837 Thread 0x00000210d4d608d0 Uncommon trap: reason=unstable_if action=reinterpret pc=0x00000210b37c5d58 method=java.util.concurrent.locks.AbstractQueuedSynchronizer.acquire(Ljava/util/concurrent/locks/AbstractQueuedSynchronizer$Node;IZZZJ)I @ 83 c2
Event: 439.837 Thread 0x00000210d4d608d0 DEOPT PACKING pc=0x00000210b37c5d58 sp=0x000000c4b18f61e0
Event: 439.837 Thread 0x00000210d4d608d0 DEOPT UNPACKING pc=0x00000210b2dcd402 sp=0x000000c4b18f6168 mode 2
Event: 442.170 Thread 0x00000210d4d608d0 Uncommon trap: trap_request=0xffffff45 fr.pc=0x00000210b3e8a05c relative=0x000000000000111c
Event: 442.170 Thread 0x00000210d4d608d0 Uncommon trap: reason=unstable_if action=reinterpret pc=0x00000210b3e8a05c method=org.jetbrains.kotlin.lexer._JetLexer.advance()Lorg/jetbrains/kotlin/com/intellij/psi/tree/IElementType; @ 403 c2
Event: 442.170 Thread 0x00000210d4d608d0 DEOPT PACKING pc=0x00000210b3e8a05c sp=0x000000c4b18f5050
Event: 442.170 Thread 0x00000210d4d608d0 DEOPT UNPACKING pc=0x00000210b2dcd402 sp=0x000000c4b18f4fb8 mode 2
Event: 446.556 Thread 0x00000210d4d608d0 Uncommon trap: trap_request=0xffffff45 fr.pc=0x00000210b34a6538 relative=0x0000000000000338
Event: 446.556 Thread 0x00000210d4d608d0 Uncommon trap: reason=unstable_if action=reinterpret pc=0x00000210b34a6538 method=kotlin.text.StringsKt__StringsJVMKt.startsWith(Ljava/lang/String;Ljava/lang/String;Z)Z @ 14 c2
Event: 446.556 Thread 0x00000210d4d608d0 DEOPT PACKING pc=0x00000210b34a6538 sp=0x000000c4b18f3410
Event: 446.557 Thread 0x00000210d4d608d0 DEOPT UNPACKING pc=0x00000210b2dcd402 sp=0x000000c4b18f33e0 mode 2
Event: 446.572 Thread 0x00000210d4d608d0 Uncommon trap: trap_request=0xffffff45 fr.pc=0x00000210b3b41d54 relative=0x0000000000000054
Event: 446.573 Thread 0x00000210d4d608d0 Uncommon trap: reason=unstable_if action=reinterpret pc=0x00000210b3b41d54 method=kotlin.text.CharsKt__CharKt.equals(CCZ)Z @ 8 c2
Event: 446.573 Thread 0x00000210d4d608d0 DEOPT PACKING pc=0x00000210b3b41d54 sp=0x000000c4b18f3370
Event: 446.573 Thread 0x00000210d4d608d0 DEOPT UNPACKING pc=0x00000210b2dcd402 sp=0x000000c4b18f32e8 mode 2

Classes loaded (20 events):
Event: 375.058 Loading class jdk/internal/jrtfs/JrtDirectoryStream
Event: 375.058 Loading class jdk/internal/jrtfs/JrtDirectoryStream done
Event: 375.065 Loading class jdk/internal/jrtfs/JrtDirectoryStream$1
Event: 375.065 Loading class jdk/internal/jrtfs/JrtDirectoryStream$1 done
Event: 375.065 Loading class jdk/internal/jimage/ImageReader$Resource
Event: 375.067 Loading class jdk/internal/jimage/ImageReader$Resource done
Event: 376.341 Loading class java/util/WeakHashMap$KeyIterator
Event: 376.347 Loading class java/util/WeakHashMap$HashIterator
Event: 376.347 Loading class java/util/WeakHashMap$HashIterator done
Event: 376.347 Loading class java/util/WeakHashMap$KeyIterator done
Event: 415.748 Loading class java/lang/BooleanBeanInfo
Event: 415.749 Loading class java/lang/BooleanBeanInfo done
Event: 416.018 Loading class java/lang/BooleanBeanInfo
Event: 416.018 Loading class java/lang/BooleanBeanInfo done
Event: 416.034 Loading class java/lang/BooleanCustomizer
Event: 416.040 Loading class java/lang/BooleanCustomizer done
Event: 416.041 Loading class java/lang/BooleanCustomizer
Event: 416.041 Loading class java/lang/BooleanCustomizer done
Event: 416.065 Loading class jdk/internal/ValueBased
Event: 416.069 Loading class jdk/internal/ValueBased done

Classes unloaded (0 events):
No events

Classes redefined (0 events):
No events

Internal exceptions (20 events):
Event: 416.018 Thread 0x00000210d4d608d0 Exception <a 'java/lang/ClassNotFoundException'{0x0000000621319380}: java/lang/BooleanBeanInfo> (0x0000000621319380) 
thrown [s\open\src\hotspot\share\classfile\systemDictionary.cpp, line 327]
Event: 416.041 Thread 0x00000210d4d608d0 Exception <a 'java/lang/ClassNotFoundException'{0x0000000621321e30}: java/lang/BooleanCustomizer> (0x0000000621321e30) 
thrown [s\open\src\hotspot\share\classfile\systemDictionary.cpp, line 327]
Event: 416.116 Thread 0x00000210d4d608d0 Implicit null exception at 0x00000210b3c27f57 to 0x00000210b3c298ec
Event: 416.441 Thread 0x00000210d4d608d0 Exception <a 'java/lang/ClassNotFoundException'{0x00000006213b7fc8}: com/flutter/gradle/FlutterExtension_DecoratedBeanInfo> (0x00000006213b7fc8) 
thrown [s\open\src\hotspot\share\classfile\systemDictionary.cpp, line 327]
Event: 416.449 Thread 0x00000210d4d608d0 Exception <a 'java/lang/ClassNotFoundException'{0x00000006213c3bc8}: com/flutter/gradle/FlutterExtensionBeanInfo> (0x00000006213c3bc8) 
thrown [s\open\src\hotspot\share\classfile\systemDictionary.cpp, line 327]
Event: 416.452 Thread 0x00000210d4d608d0 Exception <a 'java/lang/ClassNotFoundException'{0x00000006213cf228}: com/flutter/gradle/FlutterExtensionCustomizer> (0x00000006213cf228) 
thrown [s\open\src\hotspot\share\classfile\systemDictionary.cpp, line 327]
Event: 416.455 Thread 0x00000210d4d608d0 Exception <a 'java/lang/ClassNotFoundException'{0x00000006213e8180}: com/flutter/gradle/FlutterExtension_DecoratedCustomizer> (0x00000006213e8180) 
thrown [s\open\src\hotspot\share\classfile\systemDictionary.cpp, line 327]
Event: 416.978 Thread 0x00000210d4d608d0 Exception <a 'java/lang/ClassNotFoundException'{0x00000006202cf870}: build_3559ykvgv46lp1tkwq9e07xxqBeanInfo> (0x00000006202cf870) 
thrown [s\open\src\hotspot\share\classfile\systemDictionary.cpp, line 327]
Event: 416.984 Thread 0x00000210d4d608d0 Exception <a 'java/lang/ClassNotFoundException'{0x00000006202d6c20}: build_3559ykvgv46lp1tkwq9e07xxqCustomizer> (0x00000006202d6c20) 
thrown [s\open\src\hotspot\share\classfile\systemDictionary.cpp, line 327]
Event: 417.157 Thread 0x00000210d4d608d0 Exception <a 'java/lang/ClassNotFoundException'{0x000000061f7f9998}: build_3559ykvgv46lp1tkwq9e07xxqBeanInfo> (0x000000061f7f9998) 
thrown [s\open\src\hotspot\share\classfile\systemDictionary.cpp, line 327]
Event: 417.157 Thread 0x00000210d4d608d0 Exception <a 'java/lang/ClassNotFoundException'{0x000000061ecb97a0}: build_3559ykvgv46lp1tkwq9e07xxqCustomizer> (0x000000061ecb97a0) 
thrown [s\open\src\hotspot\share\classfile\systemDictionary.cpp, line 327]
Event: 435.438 Thread 0x00000210d84a3ff0 Exception <a 'java/io/IOException'{0x00000007fe400468}> (0x00000007fe400468) 
thrown [s\open\src\hotspot\share\prims\jni.cpp, line 516]
Event: 435.439 Thread 0x00000210d84a3ff0 Exception <a 'java/io/IOException'{0x00000007fe400950}> (0x00000007fe400950) 
thrown [s\open\src\hotspot\share\prims\jni.cpp, line 516]
Event: 435.440 Thread 0x00000210d84a3ff0 Exception <a 'java/io/IOException'{0x00000007fe400e28}> (0x00000007fe400e28) 
thrown [s\open\src\hotspot\share\prims\jni.cpp, line 516]
Event: 435.466 Thread 0x00000210d84a3ff0 Exception <a 'java/io/IOException'{0x00000007fe401620}> (0x00000007fe401620) 
thrown [s\open\src\hotspot\share\prims\jni.cpp, line 516]
Event: 435.467 Thread 0x00000210d84a3ff0 Exception <a 'java/io/IOException'{0x00000007fe401b08}> (0x00000007fe401b08) 
thrown [s\open\src\hotspot\share\prims\jni.cpp, line 516]
Event: 435.468 Thread 0x00000210d84a3ff0 Exception <a 'java/io/IOException'{0x00000007fe401fe0}> (0x00000007fe401fe0) 
thrown [s\open\src\hotspot\share\prims\jni.cpp, line 516]
Event: 440.698 Thread 0x00000210d4d608d0 Exception <a 'sun/nio/fs/WindowsException'{0x0000000622768bf8}> (0x0000000622768bf8) 
thrown [s\open\src\hotspot\share\prims\jni.cpp, line 516]
Event: 440.699 Thread 0x00000210d4d608d0 Exception <a 'sun/nio/fs/WindowsException'{0x000000062276a980}> (0x000000062276a980) 
thrown [s\open\src\hotspot\share\prims\jni.cpp, line 516]
Event: 447.098 Thread 0x00000210d4d608d0 Exception <a 'java/lang/NoSuchMethodError'{0x000000061981cae8}: 'int java.lang.invoke.DirectMethodHandle$Holder.invokeStaticInit(java.lang.Object, int)'> (0x000000061981cae8) 
thrown [s\open\src\hotspot\share\interpreter\linkResolver.cpp, line 804]

VM Operations (20 events):
Event: 413.932 Executing safepoint VM operation: G1CollectForAllocation (G1 Evacuation Pause) done
Event: 420.753 Executing non-safepoint VM operation: HandshakeAllThreads (HandshakeForDeflation)
Event: 420.753 Executing non-safepoint VM operation: HandshakeAllThreads (HandshakeForDeflation) done
Event: 420.753 Executing non-safepoint VM operation: RendezvousGCThreads
Event: 420.753 Executing non-safepoint VM operation: RendezvousGCThreads done
Event: 429.109 Executing safepoint VM operation: G1CollectForAllocation (G1 Evacuation Pause)
Event: 429.463 Executing safepoint VM operation: G1CollectForAllocation (G1 Evacuation Pause) done
Event: 429.468 Executing safepoint VM operation: G1CollectForAllocation (G1 Evacuation Pause)
Event: 429.666 Executing safepoint VM operation: G1CollectForAllocation (G1 Evacuation Pause) done
Event: 434.122 Executing safepoint VM operation: G1TryInitiateConcMark (G1 Humongous Allocation)
Event: 434.158 Executing safepoint VM operation: G1TryInitiateConcMark (G1 Humongous Allocation) done
Event: 440.982 Executing safepoint VM operation: G1PauseRemark
Event: 442.137 Executing safepoint VM operation: G1PauseRemark done
Event: 442.304 Executing safepoint VM operation: G1PauseCleanup
Event: 442.304 Executing safepoint VM operation: G1PauseCleanup done
Event: 450.906 Executing safepoint VM operation: G1CollectForAllocation (G1 Evacuation Pause)
Event: 451.095 Executing safepoint VM operation: G1CollectForAllocation (G1 Evacuation Pause) done
Event: 451.537 Executing non-safepoint VM operation: HandshakeAllThreads (Deoptimize)
Event: 451.538 Executing non-safepoint VM operation: HandshakeAllThreads (Deoptimize) done
Event: 452.115 Executing safepoint VM operation: G1CollectForAllocation (G1 Evacuation Pause)

Memory protections (0 events):
No events

Nmethod flushes (20 events):
Event: 442.129 Thread 0x00000210cd3a4e80 flushing  nmethod 0x00000210a5272c08
Event: 442.129 Thread 0x00000210cd3a4e80 flushing  nmethod 0x00000210a5273f88
Event: 442.129 Thread 0x00000210cd3a4e80 flushing  nmethod 0x00000210a5301508
Event: 442.129 Thread 0x00000210cd3a4e80 flushing  nmethod 0x00000210a5301c08
Event: 442.129 Thread 0x00000210cd3a4e80 flushing  nmethod 0x00000210a5313288
Event: 442.129 Thread 0x00000210cd3a4e80 flushing  nmethod 0x00000210a53e6b08
Event: 442.130 Thread 0x00000210cd3a4e80 flushing  nmethod 0x00000210a5441988
Event: 442.130 Thread 0x00000210cd3a4e80 flushing  nmethod 0x00000210a5441e08
Event: 442.130 Thread 0x00000210cd3a4e80 flushing  nmethod 0x00000210a5445a08
Event: 442.131 Thread 0x00000210cd3a4e80 flushing  nmethod 0x00000210a544af08
Event: 442.131 Thread 0x00000210cd3a4e80 flushing  nmethod 0x00000210a58f6c08
Event: 442.131 Thread 0x00000210cd3a4e80 flushing  nmethod 0x00000210a5b49d08
Event: 442.131 Thread 0x00000210cd3a4e80 flushing  nmethod 0x00000210a5b68988
Event: 442.131 Thread 0x00000210cd3a4e80 flushing  nmethod 0x00000210a5c52d88
Event: 442.131 Thread 0x00000210cd3a4e80 flushing  nmethod 0x00000210a5ca4e88
Event: 442.131 Thread 0x00000210cd3a4e80 flushing  nmethod 0x00000210a5ca5808
Event: 442.131 Thread 0x00000210cd3a4e80 flushing  nmethod 0x00000210a5ca5e08
Event: 442.131 Thread 0x00000210cd3a4e80 flushing  nmethod 0x00000210a5ca6508
Event: 442.131 Thread 0x00000210cd3a4e80 flushing  nmethod 0x00000210a5ca7588
Event: 442.132 Thread 0x00000210cd3a4e80 flushing  nmethod 0x00000210a5ce9388

Events (20 events):
Event: 340.002 Thread 0x00000210d849ea00 Thread exited: 0x00000210d849ea00
Event: 342.287 Thread 0x00000210cd3dfe40 Thread added: 0x00000210f34333b0
Event: 343.558 Thread 0x00000210f34333b0 Thread exited: 0x00000210f34333b0
Event: 350.650 Thread 0x00000210cd3c10e0 Thread added: 0x00000210ddfa5e70
Event: 352.871 Thread 0x00000210ddfa5e70 Thread exited: 0x00000210ddfa5e70
Event: 360.608 Thread 0x00000210d4d608d0 Thread added: 0x00000210f3ae98a0
Event: 362.142 Thread 0x00000210d4d608d0 Thread added: 0x00000210f3ae8900
Event: 362.143 Thread 0x00000210d4d608d0 Thread added: 0x00000210f3ae90d0
Event: 362.143 Thread 0x00000210d4d608d0 Thread added: 0x00000210f3aeb010
Event: 362.576 Thread 0x00000210d4d608d0 Thread added: 0x00000210f3aee6c0
Event: 362.578 Thread 0x00000210d4d608d0 Thread added: 0x00000210f3aec780
Event: 362.581 Thread 0x00000210d4d608d0 Thread added: 0x00000210f3aebfb0
Event: 363.615 Thread 0x00000210d4d608d0 Thread added: 0x00000210f3aef660
Event: 363.616 Thread 0x00000210d4d608d0 Thread added: 0x00000210f3af0dd0
Event: 363.616 Thread 0x00000210d4d608d0 Thread added: 0x00000210f3aed720
Event: 369.437 Thread 0x00000210d4632a50 Thread added: 0x00000210f3af4480
Event: 370.743 Thread 0x00000210d4632a50 Thread added: 0x00000210f3af3cb0
Event: 372.769 Thread 0x00000210d4632a50 Thread added: 0x00000210f3af4c50
Event: 376.896 Thread 0x00000210d4d608d0 Thread added: 0x00000210f3af63c0
Event: 376.896 Thread 0x00000210d4d608d0 Thread added: 0x00000210f3af6b90


Dynamic libraries:
0x00007ff628210000 - 0x00007ff628220000 	C:\Program Files\Java\jdk-25\bin\java.exe
0x00007ffff05e0000 - 0x00007ffff0846000 	C:\WINDOWS\SYSTEM32\ntdll.dll
0x00007fffad5e0000 - 0x00007fffad601000 	C:\Program Files\AVG\Antivirus\aswhook.dll
0x00007fffef680000 - 0x00007fffef749000 	C:\WINDOWS\System32\KERNEL32.DLL
0x00007fffedf00000 - 0x00007fffee2ff000 	C:\WINDOWS\System32\KERNELBASE.dll
0x00007fffedb70000 - 0x00007fffedcbc000 	C:\WINDOWS\System32\ucrtbase.dll
0x00007fffca910000 - 0x00007fffca927000 	C:\Program Files\Java\jdk-25\bin\jli.dll
0x00007fffef750000 - 0x00007fffef916000 	C:\WINDOWS\System32\USER32.dll
0x00007fffedb40000 - 0x00007fffedb67000 	C:\WINDOWS\System32\win32u.dll
0x00007ffff0400000 - 0x00007ffff042b000 	C:\WINDOWS\System32\GDI32.dll
0x00007fffc64d0000 - 0x00007fffc64ee000 	C:\Program Files\Java\jdk-25\bin\VCRUNTIME140.dll
0x00007fffc7970000 - 0x00007fffc7c01000 	C:\WINDOWS\WinSxS\amd64_microsoft.windows.common-controls_6595b64144ccf1df_6.0.26100.8972_none_3e0da176e32f9d4b\COMCTL32.dll
0x00007fffed980000 - 0x00007fffedaa9000 	C:\WINDOWS\System32\gdi32full.dll
0x00007ffff0260000 - 0x00007ffff0309000 	C:\WINDOWS\System32\msvcrt.dll
0x00007fffede50000 - 0x00007fffedef3000 	C:\WINDOWS\System32\msvcp_win.dll
0x00007fffeec90000 - 0x00007fffeecc2000 	C:\WINDOWS\System32\IMM32.DLL
0x00007fffd1ca0000 - 0x00007fffd1cac000 	C:\Program Files\Java\jdk-25\bin\vcruntime140_1.dll
0x00007fffa7300000 - 0x00007fffa738d000 	C:\Program Files\Java\jdk-25\bin\msvcp140.dll
0x00007fff38cc0000 - 0x00007fff39b1f000 	C:\Program Files\Java\jdk-25\bin\server\jvm.dll
0x00007fffeeaa0000 - 0x00007fffeeb5c000 	C:\WINDOWS\System32\ADVAPI32.dll
0x00007fffef520000 - 0x00007fffef5c9000 	C:\WINDOWS\System32\sechost.dll
0x00007fffeeb70000 - 0x00007fffeec88000 	C:\WINDOWS\System32\RPCRT4.dll
0x00007fffeecd0000 - 0x00007fffeed52000 	C:\WINDOWS\System32\WS2_32.dll
0x00007fffed650000 - 0x00007fffed6ae000 	C:\WINDOWS\SYSTEM32\POWRPROF.dll
0x00007fffe61a0000 - 0x00007fffe61d6000 	C:\WINDOWS\SYSTEM32\WINMM.dll
0x00007fffe61e0000 - 0x00007fffe61eb000 	C:\WINDOWS\SYSTEM32\VERSION.dll
0x00007fffed630000 - 0x00007fffed645000 	C:\WINDOWS\SYSTEM32\UMPDC.dll
0x00007fffec4a0000 - 0x00007fffec4bb000 	C:\WINDOWS\SYSTEM32\kernel.appcore.dll
0x00007fffcea20000 - 0x00007fffcea2a000 	C:\Program Files\Java\jdk-25\bin\jimage.dll
0x00007fffeb020000 - 0x00007fffeb262000 	C:\WINDOWS\SYSTEM32\DBGHELP.DLL
0x00007fffeed60000 - 0x00007fffef0e5000 	C:\WINDOWS\System32\combase.dll
0x00007fffef920000 - 0x00007fffef9f9000 	C:\WINDOWS\System32\OLEAUT32.dll
0x00007fffdf2e0000 - 0x00007fffdf31b000 	C:\WINDOWS\SYSTEM32\dbgcore.DLL
0x00007fffedd90000 - 0x00007fffede3c000 	C:\WINDOWS\System32\bcryptPrimitives.dll
0x00007fffca900000 - 0x00007fffca910000 	C:\Program Files\Java\jdk-25\bin\instrument.dll
0x00007fffc64b0000 - 0x00007fffc64cf000 	C:\Program Files\Java\jdk-25\bin\java.dll
0x00007ffff0000000 - 0x00007ffff0199000 	C:\WINDOWS\System32\ole32.dll
0x00007fffee310000 - 0x00007fffeea98000 	C:\WINDOWS\System32\SHELL32.dll
0x00007fffeb280000 - 0x00007fffebb1b000 	C:\WINDOWS\SYSTEM32\windows.storage.dll
0x00007fffef120000 - 0x00007fffef219000 	C:\WINDOWS\System32\SHCORE.dll
0x00007ffff0530000 - 0x00007ffff0596000 	C:\WINDOWS\System32\shlwapi.dll
0x00007fffed710000 - 0x00007fffed739000 	C:\WINDOWS\SYSTEM32\profapi.dll
0x00007fffc5ca0000 - 0x00007fffc5cb7000 	C:\Program Files\Java\jdk-25\bin\zip.dll
0x00007fffc63d0000 - 0x00007fffc63e2000 	C:\Program Files\Java\jdk-25\bin\net.dll
0x00007fffeca30000 - 0x00007fffeca9c000 	C:\WINDOWS\system32\mswsock.dll
0x00007fffc6390000 - 0x00007fffc63a6000 	C:\Program Files\Java\jdk-25\bin\nio.dll
0x00007fffce6e0000 - 0x00007fffce6f0000 	C:\Program Files\Java\jdk-25\bin\verify.dll
0x00007fffe6410000 - 0x00007fffe6437000 	C:\Users\Lenovo\.gradle\native\1def1411415f61bf3af743bc5b6707747c0891f09f0c88961ee8f79bc544acac\windows-amd64\native-platform.dll
0x00007fffbade0000 - 0x00007fffbae57000 	C:\Users\Lenovo\.gradle\native\0.2.8\x86_64-windows-gnu\gradle-fileevents.dll
0x00007fffca6c0000 - 0x00007fffca6ca000 	C:\Program Files\Java\jdk-25\bin\management.dll
0x00007fffca6b0000 - 0x00007fffca6bc000 	C:\Program Files\Java\jdk-25\bin\management_ext.dll
0x00007fffef2a0000 - 0x00007fffef2a8000 	C:\WINDOWS\System32\PSAPI.DLL
0x00007fffebe50000 - 0x00007fffebe83000 	C:\WINDOWS\SYSTEM32\IPHLPAPI.DLL
0x00007fffef650000 - 0x00007fffef65a000 	C:\WINDOWS\System32\NSI.dll
0x00007fffce680000 - 0x00007fffce689000 	C:\Program Files\Java\jdk-25\bin\extnet.dll
0x00007fffece50000 - 0x00007fffece6b000 	C:\WINDOWS\SYSTEM32\CRYPTSP.dll
0x00007fffec400000 - 0x00007fffec439000 	C:\WINDOWS\system32\rsaenh.dll
0x00007fffecae0000 - 0x00007fffecb12000 	C:\WINDOWS\SYSTEM32\USERENV.dll
0x00007fffed6e0000 - 0x00007fffed70a000 	C:\WINDOWS\SYSTEM32\bcrypt.dll
0x00007fffecc90000 - 0x00007fffecc9c000 	C:\WINDOWS\SYSTEM32\CRYPTBASE.dll
0x00007fffca5a0000 - 0x00007fffca5ae000 	C:\Program Files\Java\jdk-25\bin\sunmscapi.dll
0x00007fffed7f0000 - 0x00007fffed96e000 	C:\WINDOWS\System32\CRYPT32.dll
0x00007fffecfc0000 - 0x00007fffecff0000 	C:\WINDOWS\SYSTEM32\ncrypt.dll
0x00007fffecf70000 - 0x00007fffecfaf000 	C:\WINDOWS\SYSTEM32\NTASN1.dll
0x00007fffdef00000 - 0x00007fffdef08000 	C:\WINDOWS\system32\wshunix.dll
0x00007fffe6ab0000 - 0x00007fffe6ab7000 	C:\Program Files\Java\jdk-25\bin\rmi.dll

JVMTI agents:
C:\Users\Lenovo\.gradle\wrapper\dists\gradle-9.1.0-all\7wzd0jkjit61aq2p43wpjgij9\gradle-9.1.0\lib\agents\gradle-instrumentation-agent-9.1.0.jar path:C:\Program Files\Java\jdk-25\bin\instrument.dll, loaded, initialized, instrumentlib options:none

dbghelp: loaded successfully - version: 4.0.5 - missing functions: none
symbol engine: initialized successfully - sym options: 0x614 - pdb path: .;C:\Program Files\Java\jdk-25\bin;C:\WINDOWS\SYSTEM32;C:\Program Files\AVG\Antivirus;C:\WINDOWS\WinSxS\amd64_microsoft.windows.common-controls_6595b64144ccf1df_6.0.26100.8972_none_3e0da176e32f9d4b;C:\Program Files\Java\jdk-25\bin\server;C:\Users\Lenovo\.gradle\native\1def1411415f61bf3af743bc5b6707747c0891f09f0c88961ee8f79bc544acac\windows-amd64;C:\Users\Lenovo\.gradle\native\0.2.8\x86_64-windows-gnu

VM Arguments:
jvm_args: --add-opens=java.base/java.lang=ALL-UNNAMED --add-opens=java.base/java.lang.invoke=ALL-UNNAMED --add-opens=java.base/java.util=ALL-UNNAMED --add-opens=java.prefs/java.util.prefs=ALL-UNNAMED --add-exports=jdk.compiler/com.sun.tools.javac.api=ALL-UNNAMED --add-exports=jdk.compiler/com.sun.tools.javac.util=ALL-UNNAMED --add-opens=java.base/java.util=ALL-UNNAMED --add-opens=java.prefs/java.util.prefs=ALL-UNNAMED --add-opens=java.base/java.nio.charset=ALL-UNNAMED --add-opens=java.base/java.net=ALL-UNNAMED --add-opens=java.base/java.util.concurrent=ALL-UNNAMED --add-opens=java.base/java.util.concurrent.atomic=ALL-UNNAMED --add-opens=java.xml/javax.xml.namespace=ALL-UNNAMED --add-opens=java.base/java.time=ALL-UNNAMED --enable-native-access=ALL-UNNAMED -XX:MaxMetaspaceSize=4G -XX:ReservedCodeCacheSize=512m -XX:+HeapDumpOnOutOfMemoryError -Xmx8G -Dfile.encoding=UTF-8 -Duser.country=FR -Duser.language=fr -Duser.variant -javaagent:C:\Users\Lenovo\.gradle\wrapper\dists\gradle-9.1.0-all\7wzd0jkjit61aq2p43wpjgij9\gradle-9.1.0\lib\agents\gradle-instrumentation-agent-9.1.0.jar 
java_command: org.gradle.launcher.daemon.bootstrap.GradleDaemon 9.1.0
java_class_path (initial): C:\Users\Lenovo\.gradle\wrapper\dists\gradle-9.1.0-all\7wzd0jkjit61aq2p43wpjgij9\gradle-9.1.0\lib\gradle-daemon-main-9.1.0.jar
Launcher Type: SUN_STANDARD

[Global flags]
     intx CICompilerCount                          = 3                                         {product} {ergonomic}
     uint ConcGCThreads                            = 1                                         {product} {ergonomic}
     uint G1ConcRefinementThreads                  = 4                                         {product} {ergonomic}
   size_t G1HeapRegionSize                         = 4194304                                   {product} {ergonomic}
     bool HeapDumpOnOutOfMemoryError               = true                                   {manageable} {command line}
   size_t InitialHeapSize                          = 125829120                                 {product} {ergonomic}
   size_t MarkStackSize                            = 4194304                                   {product} {ergonomic}
   size_t MarkStackSizeMax                         = 536870912                                 {product} {ergonomic}
   size_t MaxHeapSize                              = 8589934592                                {product} {command line}
   size_t MaxMetaspaceSize                         = 4294967296                                {product} {command line}
   size_t MaxNewSize                               = 5150605312                                {product} {ergonomic}
   size_t MinHeapDeltaBytes                        = 4194304                                   {product} {ergonomic}
   size_t MinHeapSize                              = 8388608                                   {product} {ergonomic}
    uintx NonNMethodCodeHeapSize                   = 5832704                                {pd product} {ergonomic}
    uintx NonProfiledCodeHeapSize                  = 265551872                              {pd product} {ergonomic}
    uintx ProfiledCodeHeapSize                     = 265486336                              {pd product} {ergonomic}
    uintx ReservedCodeCacheSize                    = 536870912                              {pd product} {command line, ergonomic}
     bool SegmentedCodeCache                       = true                                      {product} {ergonomic}
   size_t SoftMaxHeapSize                          = 8589934592                             {manageable} {ergonomic}
     bool UseCompressedOops                        = true                           {product lp64_product} {ergonomic}
     bool UseG1GC                                  = true                                      {product} {ergonomic}
     bool UseLargePagesIndividualAllocation        = false                                  {pd product} {ergonomic}

Logging:
Log output configuration:
 #0: stdout all=warning uptime,level,tags foldmultilines=false
 #1: stderr all=off uptime,level,tags foldmultilines=false

Release file:
IMPLEMENTOR="Oracle Corporation" 
JAVA_RUNTIME_VERSION="25.0.1+8-LTS-27" 
JAVA_VERSION="25.0.1" 
JAVA_VERSION_DATE="2025-10-21" 
LIBC="default" 
MODULES="java.base java.compiler java.datatransfer java.xml java.prefs java.desktop java.instrument java.logging java.management java.security.sasl java.naming java.rmi java.management.rmi java.net.http java.scripting java.security.jgss java.transaction.xa java.sql java.sql.rowset java.xml.crypto java.se java.smartcardio jdk.accessibility jdk.internal.jvmstat jdk.attach jdk.charsets jdk.internal.opt jdk.zipfs jdk.compiler jdk.crypto.cryptoki jdk.crypto.ec jdk.crypto.mscapi jdk.dynalink jdk.internal.ed jdk.editpad jdk.internal.vm.ci jdk.graal.compiler jdk.graal.compiler.management jdk.hotspot.agent jdk.httpserver jdk.incubator.vector jdk.internal.le jdk.internal.md jdk.jartool jdk.javadoc jdk.jcmd jdk.management jdk.management.agent jdk.jconsole jdk.jdeps jdk.jdwp.agent jdk.jdi jdk.jfr jdk.jlink jdk.jpackage jdk.jshell jdk.jsobject jdk.jstatd jdk.localedata jdk.management.jfr jdk.naming.dns jdk.naming.rmi jdk.net jdk.nio.mapmode jdk.sctp jdk.security.auth jdk.security.jgss jdk.unsupported jdk.unsupported.desktop jdk.xml.dom" 
OS_ARCH="x86_64" 
OS_NAME="Windows" 
SOURCE=".:git:862c85bc42b7 open:git:78770bfaefd2" 

Environment Variables:
PATH=C:\Program Files\ImageMagick-7.1.2-Q16-HDRI;C:\Program Files\Common Files\Oracle\Java\javapath;C:\WINDOWS\system32;C:\WINDOWS;C:\WINDOWS\System32\Wbem;C:\WINDOWS\System32\WindowsPowerShell\v1.0\;C:\WINDOWS\System32\OpenSSH\;C:\Program Files\Java\jdk-25;C:\Program Files\Java\jdk-25\bin;C:\xamppe\mysql\bin;C:\xamppe\php;C:\Program Files\Git\cmd;C:\Program Files\nodejs\;C:\xampp\mysql\bin;C:\Program Files\dotnet\;C:\ffmpeg\bin;C:\Android\Sdk\platform-tools;C:\Android\Sdk\cmdline-tools\latest\bin;C:\Program Files\ImageMagick-7.1.2-Q16-HDRI;C:\Program Files\Common Files\Oracle\Java\javapath;C:\WINDOWS\system32;C:\WINDOWS;C:\WINDOWS\System32\Wbem;C:\WINDOWS\System32\WindowsPowerShell\v1.0\;C:\WINDOWS\System32\OpenSSH\;C:\Program Files\Java\jdk-25;C:\Program Files\Java\jdk-25\bin;C:\xamppe\mysql\bin;C:\xamppe\php;C:\Program Files\Git\cmd;C:\Program Files\nodejs\;C:\xampp\mysql\bin;C:\Program Files\dotnet\;C:\ffmpeg\bin;C:\Android\Sdk\platform-tools;C:\Android\Sdk\cmdline-tools\latest\bin;C:\Users\Lenovo\AppData\Local\Programs\Python\Python311\Scripts\;C:\Users\Lenovo\AppData\Local\Programs\Python\Python311\;C:\Users\Lenovo\AppData\Local\Programs\Python\Python312\Scripts\;C:\Users\Lenovo\AppData\Local\Programs\Python\Python312\;C:\Users\Lenovo\AppData\Local\Programs\Python\Python315\Scripts\;C:\Users\Lenovo\AppData\Local\Programs\Python\Python315\;C:\Users\Lenovo\AppData\Local\Programs\Python\Launcher\;C:\Users\Lenovo\AppData\Local\Microsoft\WindowsApps;C:\Users\Lenovo\AppData\Local\Programs\Microsoft VS;C:\flutter\bin;C:\Users\Lenovo\AppData\Local\Programs\Microsoft VS Code\bin
USERNAME=Lenovo
OS=Windows_NT
PROCESSOR_IDENTIFIER=AMD64 Family 23 Model 96 Stepping 1, AuthenticAMD
TMP=C:\Users\Lenovo\AppData\Local\Temp
TEMP=C:\Users\Lenovo\AppData\Local\Temp




Compilation memory statistics disabled.

Periodic native trim disabled

---------------  S Y S T E M  ---------------

OS:
 Windows 11 , 64 bit Build 26100 (10.0.26100.8972)
OS uptime: 16 days 21:09 hours
Hyper-V role detected

CPU: total 4 (initial active 4) (4 cores per cpu, 1 threads per core) family 23 model 96 stepping 1 microcode 0x860010f, cx8, cmov, fxsr, mmx, 3dnowpref, sse, sse2, sse3, ssse3, sse4a, sse4.1, sse4.2, popcnt, lzcnt, tsc, tscinvbit, avx, avx2, aes, clmul, bmi1, bmi2, adx, sha, fma, vzeroupper, clflush, clflushopt, clwb, hv, rdtscp, rdpid, f16c
Processor Information for the first 4 processors :
  Max Mhz: 2700, Current Mhz: 2700, Mhz Limit: 2700

Memory: 4k page, system-wide physical 7544M (255M free)
TotalPageFile size 31095M (AvailPageFile size 233M)
current process WorkingSet (physical memory assigned to process): 627M, peak: 740M
current process commit charge ("private bytes"): 1126M, peak: 2286M

vm_info: Java HotSpot(TM) 64-Bit Server VM (25.0.1+8-LTS-27) for windows-amd64 JRE (25.0.1+8-LTS-27), built on 2025-09-25T16:41:16Z with unknown MS VC++:1943

END.
